Jun 17 07:19:11 localhost sshd[9583]: pam_unix(sshd:auth): authentication failure; logname= uid=0 euid=0 tty=ssh ruser= rhost=43.133.32.101  user=root
Jun 17 07:19:11 localhost sshd[9581]: Failed password for invalid user mac from 72.167.40.25 port 57390 ssh2
Jun 17 07:19:13 localhost sshd[9583]: Failed password for root from 43.133.32.101 port 40498 ssh2
Jun 17 07:19:13 localhost sshd[9581]: Received disconnect from 72.167.40.25 port 57390:11: Bye Bye [preauth]
Jun 17 07:19:13 localhost sshd[9581]: Disconnected from invalid user mac 72.167.40.25 port 57390 [preauth]
Jun 17 07:19:13 localhost sshd[9583]: Received disconnect from 43.133.32.101 port 40498:11: Bye Bye [preauth]
Jun 17 07:19:13 localhost sshd[9583]: Disconnected from authenticating user root 43.133.32.101 port 40498 [preauth]
Jun 17 07:19:14 localhost sshd[9585]: Invalid user cris from 179.43.175.111 port 45784
Jun 17 07:19:14 localhost sshd[9585]: pam_unix(sshd:auth): check pass; user unknown
Jun 17 07:19:14 localhost sshd[9585]: pam_unix(sshd:auth): authentication failure; logname= uid=0 euid=0 tty=ssh ruser= rhost=179.43.175.111 
Jun 17 07:19:16 localhost sshd[9585]: Failed password for invalid user cris from 179.43.175.111 port 45784 ssh2
Jun 17 07:19:18 localhost sshd[9585]: Received disconnect from 179.43.175.111 port 45784:11: Bye Bye [preauth]
Jun 17 07:19:18 localhost sshd[9585]: Disconnected from invalid user cris 179.43.175.111 port 45784 [preauth]
Jun 17 07:19:20 localhost sshd[9587]: Invalid user ljh from 138.197.215.196 port 40216
Jun 17 07:19:20 localhost sshd[9587]: pam_unix(sshd:auth): check pass; user unknown
Jun 17 07:19:20 localhost sshd[9587]: pam_unix(sshd:auth): authentication failure; logname= uid=0 euid=0 tty=ssh ruser= rhost=138.197.215.196 
Jun 17 07:19:22 localhost sshd[9587]: Failed password for invalid user ljh from 138.197.215.196 port 40216 ssh2
Jun 17 07:19:22 localhost sshd[9587]: Received disconnect from 138.197.215.196 port 40216:11: Bye Bye [preauth]
Jun 17 07:19:22 localhost sshd[9587]: Disconnected from invalid user ljh 138.197.215.196 port 40216 [preauth]
Jun 17 07:19:22 localhost sshd[9589]: Invalid user steamcmd from 134.122.80.104 port 41398
Jun 17 07:19:22 localhost sshd[9589]: pam_unix(sshd:auth): check pass; user unknown
Jun 17 07:19:22 localhost sshd[9589]: pam_unix(sshd:auth): authentication failure; logname= uid=0 euid=0 tty=ssh ruser= rhost=134.122.80.104 
Jun 17 07:19:24 localhost sshd[9589]: Failed password for invalid user steamcmd from 134.122.80.104 port 41398 ssh2
Jun 17 07:19:25 localhost sshd[9589]: Received disconnect from 134.122.80.104 port 41398:11: Bye Bye [preauth]
Jun 17 07:19:25 localhost sshd[9589]: Disconnected from invalid user steamcmd 134.122.80.104 port 41398 [preauth]
Jun 17 07:19:27 localhost sshd[9593]: Invalid user tm from 104.131.91.148 port 59174
Jun 17 07:19:27 localhost sshd[9593]: pam_unix(sshd:auth): check pass; user unknown
Jun 17 07:19:27 localhost sshd[9593]: pam_unix(sshd:auth): authentication failure; logname= uid=0 euid=0 tty=ssh ruser= rhost=104.131.91.148 
Jun 17 07:19:28 localhost sshd[9591]: pam_unix(sshd:auth): authentication failure; logname= uid=0 euid=0 tty=ssh ruser= rhost=43.156.240.201  user=root
Jun 17 07:19:29 localhost sshd[9593]: Failed password for invalid user tm from 104.131.91.148 port 59174 ssh2
Jun 17 07:19:30 localhost sshd[9593]: Received disconnect from 104.131.91.148 port 59174:11: Bye Bye [preauth]
Jun 17 07:19:30 localhost sshd[9593]: Disconnected from invalid user tm 104.131.91.148 port 59174 [preauth]
Jun 17 07:19:30 localhost sshd[9591]: Failed password for root from 43.156.240.201 port 48212 ssh2
Jun 17 07:19:32 localhost sshd[9591]: Received disconnect from 43.156.240.201 port 48212:11: Bye Bye [preauth]
Jun 17 07:19:32 localhost sshd[9591]: Disconnected from authenticating user root 43.156.240.201 port 48212 [preauth]
Jun 17 07:19:33 localhost sshd[9595]: Invalid user puser from 165.232.75.169 port 45200
Jun 17 07:19:33 localhost sshd[9595]: pam_unix(sshd:auth): check pass; user unknown
Jun 17 07:19:33 localhost sshd[9595]: pam_unix(sshd:auth): authentication failure; logname= uid=0 euid=0 tty=ssh ruser= rhost=165.232.75.169 
Jun 17 07:19:35 localhost sshd[9595]: Failed password for invalid user puser from 165.232.75.169 port 45200 ssh2
Jun 17 07:19:35 localhost sshd[9595]: Received disconnect from 165.232.75.169 port 45200:11: Bye Bye [preauth]
Jun 17 07:19:35 localhost sshd[9595]: Disconnected from invalid user puser 165.232.75.169 port 45200 [preauth]
Jun 17 07:19:41 localhost sshd[9597]: Invalid user bill from 43.154.172.51 port 57104
Jun 17 07:19:41 localhost sshd[9597]: pam_unix(sshd:auth): check pass; user unknown
Jun 17 07:19:41 localhost sshd[9597]: pam_unix(sshd:auth): authentication failure; logname= uid=0 euid=0 tty=ssh ruser= rhost=43.154.172.51 
Jun 17 07:19:43 localhost sshd[9597]: Failed password for invalid user bill from 43.154.172.51 port 57104 ssh2
Jun 17 07:19:45 localhost sshd[9597]: Received disconnect from 43.154.172.51 port 57104:11: Bye Bye [preauth]
Jun 17 07:19:45 localhost sshd[9597]: Disconnected from invalid user bill 43.154.172.51 port 57104 [preauth]
Jun 17 07:19:47 localhost sshd[9599]: pam_unix(sshd:auth): authentication failure; logname= uid=0 euid=0 tty=ssh ruser= rhost=43.153.20.27  user=root
Jun 17 07:19:50 localhost sshd[9599]: Failed password for root from 43.153.20.27 port 59834 ssh2
Jun 17 07:19:51 localhost sshd[9599]: Received disconnect from 43.153.20.27 port 59834:11: Bye Bye [preauth]
Jun 17 07:19:51 localhost sshd[9599]: Disconnected from authenticating user root 43.153.20.27 port 59834 [preauth]
Jun 17 07:19:56 localhost sshd[9602]: pam_unix(sshd:auth): authentication failure; logname= uid=0 euid=0 tty=ssh ruser= rhost=207.226.217.98  user=root
Jun 17 07:19:58 localhost sshd[9602]: Failed password for root from 207.226.217.98 port 11710 ssh2
Jun 17 07:19:58 localhost sshd[9602]: Received disconnect from 207.226.217.98 port 11710:11: Bye Bye [preauth]
Jun 17 07:19:58 localhost sshd[9602]: Disconnected from authenticating user root 207.226.217.98 port 11710 [preauth]
Jun 17 07:20:12 localhost sshd[9607]: Invalid user bella from 158.140.185.59 port 2505
Jun 17 07:20:12 localhost sshd[9607]: pam_unix(sshd:auth): check pass; user unknown
Jun 17 07:20:12 localhost sshd[9607]: pam_unix(sshd:auth): authentication failure; logname= uid=0 euid=0 tty=ssh ruser= rhost=158.140.185.59 
Jun 17 07:20:14 localhost sshd[9612]: Invalid user user3 from 43.128.233.179 port 41384
Jun 17 07:20:14 localhost sshd[9612]: pam_unix(sshd:auth): check pass; user unknown
Jun 17 07:20:14 localhost sshd[9612]: pam_unix(sshd:auth): authentication failure; logname= uid=0 euid=0 tty=ssh ruser= rhost=43.128.233.179 
Jun 17 07:20:15 localhost sshd[9607]: Failed password for invalid user bella from 158.140.185.59 port 2505 ssh2
Jun 17 07:20:15 localhost sshd[9607]: Received disconnect from 158.140.185.59 port 2505:11: Bye Bye [preauth]
Jun 17 07:20:15 localhost sshd[9607]: Disconnected from invalid user bella 158.140.185.59 port 2505 [preauth]
Jun 17 07:20:16 localhost sshd[9614]: Invalid user yinpeng from 179.43.175.111 port 35320
Jun 17 07:20:16 localhost sshd[9614]: pam_unix(sshd:auth): check pass; user unknown
Jun 17 07:20:16 localhost sshd[9614]: pam_unix(sshd:auth): authentication failure; logname= uid=0 euid=0 tty=ssh ruser= rhost=179.43.175.111 
Jun 17 07:20:16 localhost sshd[9612]: Failed password for invalid user user3 from 43.128.233.179 port 41384 ssh2
Jun 17 07:20:18 localhost sshd[9614]: Failed password for invalid user yinpeng from 179.43.175.111 port 35320 ssh2
Jun 17 07:20:18 localhost sshd[9612]: Received disconnect from 43.128.233.179 port 41384:11: Bye Bye [preauth]
Jun 17 07:20:18 localhost sshd[9612]: Disconnected from invalid user user3 43.128.233.179 port 41384 [preauth]
Jun 17 07:20:18 localhost sshd[9614]: Received disconnect from 179.43.175.111 port 35320:11: Bye Bye [preauth]
Jun 17 07:20:18 localhost sshd[9614]: Disconnected from invalid user yinpeng 179.43.175.111 port 35320 [preauth]
Jun 17 07:20:29 localhost sshd[9621]: Invalid user faro from 72.167.40.25 port 54044
Jun 17 07:20:29 localhost sshd[9621]: pam_unix(sshd:auth): check pass; user unknown
Jun 17 07:20:29 localhost sshd[9621]: pam_unix(sshd:auth): authentication failure; logname= uid=0 euid=0 tty=ssh ruser= rhost=72.167.40.25 
Jun 17 07:20:29 localhost sshd[9623]: Invalid user username from 100.24.209.32 port 59958
Jun 17 07:20:29 localhost sshd[9623]: pam_unix(sshd:auth): check pass; user unknown
Jun 17 07:20:29 localhost sshd[9623]: pam_unix(sshd:auth): authentication failure; logname= uid=0 euid=0 tty=ssh ruser= rhost=100.24.209.32 
Jun 17 07:20:30 localhost sshd[9627]: pam_unix(sshd:auth): authentication failure; logname= uid=0 euid=0 tty=ssh ruser= rhost=104.131.91.148  user=root
Jun 17 07:20:30 localhost sshd[9625]: pam_unix(sshd:auth): authentication failure; logname= uid=0 euid=0 tty=ssh ruser= rhost=134.122.80.104  user=root
Jun 17 07:20:31 localhost sshd[9621]: Failed password for invalid user faro from 72.167.40.25 port 54044 ssh2
Jun 17 07:20:31 localhost sshd[9621]: Received disconnect from 72.167.40.25 port 54044:11: Bye Bye [preauth]
Jun 17 07:20:31 localhost sshd[9621]: Disconnected from invalid user faro 72.167.40.25 port 54044 [preauth]
Jun 17 07:20:31 localhost sshd[9623]: Failed password for invalid user username from 100.24.209.32 port 59958 ssh2
Jun 17 07:20:32 localhost sshd[9627]: Failed password for root from 104.131.91.148 port 43347 ssh2
Jun 17 07:20:32 localhost sshd[9625]: Failed password for root from 134.122.80.104 port 50102 ssh2
Jun 17 07:20:33 localhost sshd[9623]: Connection closed by invalid user username 100.24.209.32 port 59958 [preauth]
Jun 17 07:20:34 localhost sshd[9627]: Received disconnect from 104.131.91.148 port 43347:11: Bye Bye [preauth]
Jun 17 07:20:34 localhost sshd[9627]: Disconnected from authenticating user root 104.131.91.148 port 43347 [preauth]
Jun 17 07:20:34 localhost sshd[9625]: Received disconnect from 134.122.80.104 port 50102:11: Bye Bye [preauth]
Jun 17 07:20:34 localhost sshd[9625]: Disconnected from authenticating user root 134.122.80.104 port 50102 [preauth]
Jun 17 07:20:36 localhost sshd[9630]: Invalid user odoo from 43.133.32.101 port 39446
Jun 17 07:20:36 localhost sshd[9630]: pam_unix(sshd:auth): check pass; user unknown
Jun 17 07:20:36 localhost sshd[9630]: pam_unix(sshd:auth): authentication failure; logname= uid=0 euid=0 tty=ssh ruser= rhost=43.133.32.101 
Jun 17 07:20:36 localhost sshd[9632]: Invalid user seafile from 43.156.240.201 port 41520
Jun 17 07:20:36 localhost sshd[9632]: pam_unix(sshd:auth): check pass; user unknown
Jun 17 07:20:36 localhost sshd[9632]: pam_unix(sshd:auth): authentication failure; logname= uid=0 euid=0 tty=ssh ruser= rhost=43.156.240.201 
Jun 17 07:20:38 localhost sshd[9634]: pam_unix(sshd:auth): authentication failure; logname= uid=0 euid=0 tty=ssh ruser= rhost=138.197.215.196  user=root
Jun 17 07:20:38 localhost sshd[9636]: pam_unix(sshd:auth): authentication failure; logname= uid=0 euid=0 tty=ssh ruser= rhost=165.232.75.169  user=root
Jun 17 07:20:38 localhost sshd[9630]: Failed password for invalid user odoo from 43.133.32.101 port 39446 ssh2
Jun 17 07:20:38 localhost sshd[9632]: Failed password for invalid user seafile from 43.156.240.201 port 41520 ssh2
Jun 17 07:20:39 localhost sshd[9632]: Received disconnect from 43.156.240.201 port 41520:11: Bye Bye [preauth]
Jun 17 07:20:39 localhost sshd[9632]: Disconnected from invalid user seafile 43.156.240.201 port 41520 [preauth]
Jun 17 07:20:40 localhost sshd[9634]: Failed password for root from 138.197.215.196 port 36540 ssh2
Jun 17 07:20:40 localhost sshd[9634]: Received disconnect from 138.197.215.196 port 36540:11: Bye Bye [preauth]
Jun 17 07:20:40 localhost sshd[9634]: Disconnected from authenticating user root 138.197.215.196 port 36540 [preauth]
Jun 17 07:20:40 localhost sshd[9636]: Failed password for root from 165.232.75.169 port 43790 ssh2
Jun 17 07:20:40 localhost sshd[9636]: Received disconnect from 165.232.75.169 port 43790:11: Bye Bye [preauth]
Jun 17 07:20:40 localhost sshd[9636]: Disconnected from authenticating user root 165.232.75.169 port 43790 [preauth]
Jun 17 07:20:41 localhost sshd[9630]: Received disconnect from 43.133.32.101 port 39446:11: Bye Bye [preauth]
Jun 17 07:20:41 localhost sshd[9630]: Disconnected from invalid user odoo 43.133.32.101 port 39446 [preauth]
Jun 17 07:20:52 localhost sshd[9647]: pam_unix(sshd:auth): authentication failure; logname= uid=0 euid=0 tty=ssh ruser= rhost=43.153.20.27  user=root
Jun 17 07:20:53 localhost sshd[9649]: Invalid user odoo from 43.154.172.51 port 53448
Jun 17 07:20:53 localhost sshd[9649]: pam_unix(sshd:auth): check pass; user unknown
Jun 17 07:20:53 localhost sshd[9649]: pam_unix(sshd:auth): authentication failure; logname= uid=0 euid=0 tty=ssh ruser= rhost=43.154.172.51 
Jun 17 07:20:54 localhost sshd[9647]: Failed password for root from 43.153.20.27 port 46708 ssh2
Jun 17 07:20:54 localhost sshd[9647]: Received disconnect from 43.153.20.27 port 46708:11: Bye Bye [preauth]
Jun 17 07:20:54 localhost sshd[9647]: Disconnected from authenticating user root 43.153.20.27 port 46708 [preauth]
Jun 17 07:20:55 localhost sshd[9649]: Failed password for invalid user odoo from 43.154.172.51 port 53448 ssh2
Jun 17 07:20:56 localhost sshd[9649]: Received disconnect from 43.154.172.51 port 53448:11: Bye Bye [preauth]
Jun 17 07:20:56 localhost sshd[9649]: Disconnected from invalid user odoo 43.154.172.51 port 53448 [preauth]
Jun 17 07:21:17 localhost sshd[9657]: pam_unix(sshd:auth): authentication failure; logname= uid=0 euid=0 tty=ssh ruser= rhost=207.226.217.98  user=root
Jun 17 07:21:19 localhost sshd[9657]: Failed password for root from 207.226.217.98 port 50406 ssh2
Jun 17 07:21:19 localhost sshd[9657]: Received disconnect from 207.226.217.98 port 50406:11: Bye Bye [preauth]
Jun 17 07:21:19 localhost sshd[9657]: Disconnected from authenticating user root 207.226.217.98 port 50406 [preauth]
Jun 17 07:21:20 localhost sshd[9661]: Invalid user kubernetes from 179.43.175.111 port 34822
Jun 17 07:21:20 localhost sshd[9661]: pam_unix(sshd:auth): check pass; user unknown
Jun 17 07:21:20 localhost sshd[9661]: pam_unix(sshd:auth): authentication failure; logname= uid=0 euid=0 tty=ssh ruser= rhost=179.43.175.111 
Jun 17 07:21:20 localhost sshd[9659]: pam_unix(sshd:auth): authentication failure; logname= uid=0 euid=0 tty=ssh ruser= rhost=158.140.185.59  user=root
Jun 17 07:21:21 localhost sshd[9661]: Failed password for invalid user kubernetes from 179.43.175.111 port 34822 ssh2
Jun 17 07:21:22 localhost sshd[9659]: Failed password for root from 158.140.185.59 port 5216 ssh2
Jun 17 07:21:22 localhost sshd[9661]: Received disconnect from 179.43.175.111 port 34822:11: Bye Bye [preauth]
Jun 17 07:21:22 localhost sshd[9661]: Disconnected from invalid user kubernetes 179.43.175.111 port 34822 [preauth]
Jun 17 07:21:22 localhost sshd[9659]: Received disconnect from 158.140.185.59 port 5216:11: Bye Bye [preauth]
Jun 17 07:21:22 localhost sshd[9659]: Disconnected from authenticating user root 158.140.185.59 port 5216 [preauth]
Jun 17 07:21:25 localhost sshd[9663]: Invalid user andry from 43.128.233.179 port 33792
Jun 17 07:21:25 localhost sshd[9663]: pam_unix(sshd:auth): check pass; user unknown
Jun 17 07:21:25 localhost sshd[9663]: pam_unix(sshd:auth): authentication failure; logname= uid=0 euid=0 tty=ssh ruser= rhost=43.128.233.179 
Jun 17 07:21:27 localhost sshd[9663]: Failed password for invalid user andry from 43.128.233.179 port 33792 ssh2
Jun 17 07:21:29 localhost sshd[9663]: Received disconnect from 43.128.233.179 port 33792:11: Bye Bye [preauth]
Jun 17 07:21:29 localhost sshd[9663]: Disconnected from invalid user andry 43.128.233.179 port 33792 [preauth]
Jun 17 07:21:34 localhost sshd[9665]: pam_unix(sshd:auth): authentication failure; logname= uid=0 euid=0 tty=ssh ruser= rhost=134.122.80.104  user=root
Jun 17 07:21:34 localhost sshd[9667]: Invalid user puser from 104.131.91.148 port 55751
Jun 17 07:21:34 localhost sshd[9667]: pam_unix(sshd:auth): check pass; user unknown
Jun 17 07:21:34 localhost sshd[9667]: pam_unix(sshd:auth): authentication failure; logname= uid=0 euid=0 tty=ssh ruser= rhost=104.131.91.148 
Jun 17 07:21:35 localhost sshd[9665]: Failed password for root from 134.122.80.104 port 59184 ssh2
Jun 17 07:21:36 localhost sshd[9665]: Received disconnect from 134.122.80.104 port 59184:11: Bye Bye [preauth]
Jun 17 07:21:36 localhost sshd[9665]: Disconnected from authenticating user root 134.122.80.104 port 59184 [preauth]
Jun 17 07:21:36 localhost sshd[9667]: Failed password for invalid user puser from 104.131.91.148 port 55751 ssh2
Jun 17 07:21:37 localhost sshd[9667]: Received disconnect from 104.131.91.148 port 55751:11: Bye Bye [preauth]
Jun 17 07:21:37 localhost sshd[9667]: Disconnected from invalid user puser 104.131.91.148 port 55751 [preauth]
Jun 17 07:21:43 localhost sshd[9671]: pam_unix(sshd:auth): authentication failure; logname= uid=0 euid=0 tty=ssh ruser= rhost=165.232.75.169  user=root
Jun 17 07:21:43 localhost sshd[9669]: pam_unix(sshd:auth): authentication failure; logname= uid=0 euid=0 tty=ssh ruser= rhost=43.156.240.201  user=root
Jun 17 07:21:45 localhost sshd[9671]: Failed password for root from 165.232.75.169 port 49518 ssh2
Jun 17 07:21:45 localhost sshd[9669]: Failed password for root from 43.156.240.201 port 34824 ssh2
Jun 17 07:21:47 localhost sshd[9676]: Invalid user apbj from 138.197.215.196 port 32858
Jun 17 07:21:47 localhost sshd[9676]: pam_unix(sshd:auth): check pass; user unknown
Jun 17 07:21:47 localhost sshd[9676]: pam_unix(sshd:auth): authentication failure; logname= uid=0 euid=0 tty=ssh ruser= rhost=138.197.215.196 
Jun 17 07:21:47 localhost sshd[9678]: pam_unix(sshd:auth): authentication failure; logname= uid=0 euid=0 tty=ssh ruser= rhost=72.167.40.25  user=root
Jun 17 07:21:47 localhost sshd[9671]: Received disconnect from 165.232.75.169 port 49518:11: Bye Bye [preauth]
Jun 17 07:21:47 localhost sshd[9671]: Disconnected from authenticating user root 165.232.75.169 port 49518 [preauth]
Jun 17 07:21:47 localhost sshd[9669]: Received disconnect from 43.156.240.201 port 34824:11: Bye Bye [preauth]
Jun 17 07:21:47 localhost sshd[9669]: Disconnected from authenticating user root 43.156.240.201 port 34824 [preauth]
Jun 17 07:21:49 localhost sshd[9676]: Failed password for invalid user apbj from 138.197.215.196 port 32858 ssh2
Jun 17 07:21:49 localhost sshd[9678]: Failed password for root from 72.167.40.25 port 50698 ssh2
Jun 17 07:21:50 localhost sshd[9683]: Invalid user akhil from 125.212.235.206 port 53410
Jun 17 07:21:50 localhost sshd[9683]: pam_unix(sshd:auth): check pass; user unknown
Jun 17 07:21:50 localhost sshd[9683]: pam_unix(sshd:auth): authentication failure; logname= uid=0 euid=0 tty=ssh ruser= rhost=125.212.235.206 
Jun 17 07:21:50 localhost sshd[9676]: Received disconnect from 138.197.215.196 port 32858:11: Bye Bye [preauth]
Jun 17 07:21:50 localhost sshd[9676]: Disconnected from invalid user apbj 138.197.215.196 port 32858 [preauth]
Jun 17 07:21:51 localhost sshd[9678]: Received disconnect from 72.167.40.25 port 50698:11: Bye Bye [preauth]
Jun 17 07:21:51 localhost sshd[9678]: Disconnected from authenticating user root 72.167.40.25 port 50698 [preauth]
Jun 17 07:21:51 localhost sshd[9683]: Failed password for invalid user akhil from 125.212.235.206 port 53410 ssh2
Jun 17 07:21:52 localhost sshd[9683]: Received disconnect from 125.212.235.206 port 53410:11: Bye Bye [preauth]
Jun 17 07:21:52 localhost sshd[9683]: Disconnected from invalid user akhil 125.212.235.206 port 53410 [preauth]
Jun 17 07:21:52 localhost sshd[9686]: Invalid user bella from 43.153.20.27 port 55644
Jun 17 07:21:52 localhost sshd[9686]: pam_unix(sshd:auth): check pass; user unknown
Jun 17 07:21:52 localhost sshd[9686]: pam_unix(sshd:auth): authentication failure; logname= uid=0 euid=0 tty=ssh ruser= rhost=43.153.20.27 
Jun 17 07:21:54 localhost sshd[9686]: Failed password for invalid user bella from 43.153.20.27 port 55644 ssh2
Jun 17 07:21:55 localhost sshd[9686]: Received disconnect from 43.153.20.27 port 55644:11: Bye Bye [preauth]
Jun 17 07:21:55 localhost sshd[9686]: Disconnected from invalid user bella 43.153.20.27 port 55644 [preauth]
Jun 17 07:22:04 localhost sshd[9688]: pam_unix(sshd:auth): authentication failure; logname= uid=0 euid=0 tty=ssh ruser= rhost=43.133.32.101  user=root
Jun 17 07:22:06 localhost sshd[9688]: Failed password for root from 43.133.32.101 port 38400 ssh2
Jun 17 07:22:06 localhost sshd[9690]: pam_unix(sshd:auth): authentication failure; logname= uid=0 euid=0 tty=ssh ruser= rhost=43.154.172.51  user=list
Jun 17 07:22:06 localhost sshd[9688]: Received disconnect from 43.133.32.101 port 38400:11: Bye Bye [preauth]
Jun 17 07:22:06 localhost sshd[9688]: Disconnected from authenticating user root 43.133.32.101 port 38400 [preauth]
Jun 17 07:22:08 localhost sshd[9690]: Failed password for list from 43.154.172.51 port 49802 ssh2
Jun 17 07:22:09 localhost sshd[9690]: Received disconnect from 43.154.172.51 port 49802:11: Bye Bye [preauth]
Jun 17 07:22:09 localhost sshd[9690]: Disconnected from authenticating user list 43.154.172.51 port 49802 [preauth]
Jun 17 07:22:19 localhost sshd[9692]: pam_unix(sshd:auth): authentication failure; logname= uid=0 euid=0 tty=ssh ruser= rhost=179.43.175.111  user=root
Jun 17 07:22:21 localhost sshd[9692]: Failed password for root from 179.43.175.111 port 43320 ssh2
Jun 17 07:22:23 localhost sshd[9692]: Received disconnect from 179.43.175.111 port 43320:11: Bye Bye [preauth]
Jun 17 07:22:23 localhost sshd[9692]: Disconnected from authenticating user root 179.43.175.111 port 43320 [preauth]
Jun 17 07:22:33 localhost sshd[9696]: Invalid user uat from 158.140.185.59 port 11713
Jun 17 07:22:33 localhost sshd[9696]: pam_unix(sshd:auth): check pass; user unknown
Jun 17 07:22:33 localhost sshd[9696]: pam_unix(sshd:auth): authentication failure; logname= uid=0 euid=0 tty=ssh ruser= rhost=158.140.185.59 
Jun 17 07:22:35 localhost sshd[9696]: Failed password for invalid user uat from 158.140.185.59 port 11713 ssh2
Jun 17 07:22:35 localhost sshd[9696]: Received disconnect from 158.140.185.59 port 11713:11: Bye Bye [preauth]
Jun 17 07:22:35 localhost sshd[9696]: Disconnected from invalid user uat 158.140.185.59 port 11713 [preauth]
Jun 17 07:22:37 localhost sshd[9698]: Invalid user admin from 207.226.217.98 port 37254
Jun 17 07:22:37 localhost sshd[9698]: pam_unix(sshd:auth): check pass; user unknown
Jun 17 07:22:37 localhost sshd[9698]: pam_unix(sshd:auth): authentication failure; logname= uid=0 euid=0 tty=ssh ruser= rhost=207.226.217.98 
Jun 17 07:22:39 localhost sshd[9698]: Failed password for invalid user admin from 207.226.217.98 port 37254 ssh2
Jun 17 07:22:40 localhost sshd[9698]: Received disconnect from 207.226.217.98 port 37254:11: Bye Bye [preauth]
Jun 17 07:22:40 localhost sshd[9698]: Disconnected from invalid user admin 207.226.217.98 port 37254 [preauth]
Jun 17 07:22:42 localhost sshd[9700]: Invalid user pi from 43.128.233.179 port 54428
Jun 17 07:22:42 localhost sshd[9700]: pam_unix(sshd:auth): check pass; user unknown
Jun 17 07:22:42 localhost sshd[9700]: pam_unix(sshd:auth): authentication failure; logname= uid=0 euid=0 tty=ssh ruser= rhost=43.128.233.179 
Jun 17 07:22:43 localhost sshd[9702]: pam_unix(sshd:auth): authentication failure; logname= uid=0 euid=0 tty=ssh ruser= rhost=134.122.80.104  user=root
Jun 17 07:22:44 localhost sshd[9700]: Failed password for invalid user pi from 43.128.233.179 port 54428 ssh2
Jun 17 07:22:45 localhost sshd[9704]: pam_unix(sshd:auth): authentication failure; logname= uid=0 euid=0 tty=ssh ruser= rhost=104.131.91.148  user=root
Jun 17 07:22:45 localhost sshd[9702]: Failed password for root from 134.122.80.104 port 50056 ssh2
Jun 17 07:22:46 localhost sshd[9700]: Received disconnect from 43.128.233.179 port 54428:11: Bye Bye [preauth]
Jun 17 07:22:46 localhost sshd[9700]: Disconnected from invalid user pi 43.128.233.179 port 54428 [preauth]
Jun 17 07:22:46 localhost sshd[9706]: pam_unix(sshd:auth): authentication failure; logname= uid=0 euid=0 tty=ssh ruser= rhost=165.232.75.169  user=root
Jun 17 07:22:47 localhost sshd[9704]: Failed password for root from 104.131.91.148 port 39923 ssh2
Jun 17 07:22:47 localhost sshd[9704]: Received disconnect from 104.131.91.148 port 39923:11: Bye Bye [preauth]
Jun 17 07:22:47 localhost sshd[9704]: Disconnected from authenticating user root 104.131.91.148 port 39923 [preauth]
Jun 17 07:22:48 localhost sshd[9702]: Received disconnect from 134.122.80.104 port 50056:11: Bye Bye [preauth]
Jun 17 07:22:48 localhost sshd[9702]: Disconnected from authenticating user root 134.122.80.104 port 50056 [preauth]
Jun 17 07:22:48 localhost sshd[9706]: Failed password for root from 165.232.75.169 port 47444 ssh2
Jun 17 07:22:48 localhost sshd[9706]: Received disconnect from 165.232.75.169 port 47444:11: Bye Bye [preauth]
Jun 17 07:22:48 localhost sshd[9706]: Disconnected from authenticating user root 165.232.75.169 port 47444 [preauth]
Jun 17 07:22:49 localhost sshd[9708]: Invalid user azarov from 43.156.240.201 port 56366
Jun 17 07:22:49 localhost sshd[9708]: pam_unix(sshd:auth): check pass; user unknown
Jun 17 07:22:49 localhost sshd[9708]: pam_unix(sshd:auth): authentication failure; logname= uid=0 euid=0 tty=ssh ruser= rhost=43.156.240.201 
Jun 17 07:22:51 localhost sshd[9708]: Failed password for invalid user azarov from 43.156.240.201 port 56366 ssh2
Jun 17 07:22:52 localhost sshd[9710]: Invalid user apbj from 43.153.20.27 port 47748
Jun 17 07:22:52 localhost sshd[9710]: pam_unix(sshd:auth): check pass; user unknown
Jun 17 07:22:52 localhost sshd[9710]: pam_unix(sshd:auth): authentication failure; logname= uid=0 euid=0 tty=ssh ruser= rhost=43.153.20.27 
Jun 17 07:22:52 localhost sshd[9708]: Received disconnect from 43.156.240.201 port 56366:11: Bye Bye [preauth]
Jun 17 07:22:52 localhost sshd[9708]: Disconnected from invalid user azarov 43.156.240.201 port 56366 [preauth]
Jun 17 07:22:54 localhost sshd[9710]: Failed password for invalid user apbj from 43.153.20.27 port 47748 ssh2
Jun 17 07:22:55 localhost sshd[9710]: Received disconnect from 43.153.20.27 port 47748:11: Bye Bye [preauth]
Jun 17 07:22:55 localhost sshd[9710]: Disconnected from invalid user apbj 43.153.20.27 port 47748 [preauth]
Jun 17 07:23:03 localhost sshd[9713]: Invalid user azarov from 138.197.215.196 port 57414
Jun 17 07:23:03 localhost sshd[9713]: pam_unix(sshd:auth): check pass; user unknown
Jun 17 07:23:03 localhost sshd[9713]: pam_unix(sshd:auth): authentication failure; logname= uid=0 euid=0 tty=ssh ruser= rhost=138.197.215.196 
Jun 17 07:23:05 localhost sshd[9715]: Invalid user testsite from 72.167.40.25 port 47346
Jun 17 07:23:05 localhost sshd[9715]: pam_unix(sshd:auth): check pass; user unknown
Jun 17 07:23:05 localhost sshd[9715]: pam_unix(sshd:auth): authentication failure; logname= uid=0 euid=0 tty=ssh ruser= rhost=72.167.40.25 
Jun 17 07:23:06 localhost sshd[9713]: Failed password for invalid user azarov from 138.197.215.196 port 57414 ssh2
Jun 17 07:23:07 localhost sshd[9713]: Received disconnect from 138.197.215.196 port 57414:11: Bye Bye [preauth]
Jun 17 07:23:07 localhost sshd[9713]: Disconnected from invalid user azarov 138.197.215.196 port 57414 [preauth]
Jun 17 07:23:07 localhost sshd[9715]: Failed password for invalid user testsite from 72.167.40.25 port 47346 ssh2
Jun 17 07:23:08 localhost sshd[9715]: Received disconnect from 72.167.40.25 port 47346:11: Bye Bye [preauth]
Jun 17 07:23:08 localhost sshd[9715]: Disconnected from invalid user testsite 72.167.40.25 port 47346 [preauth]
Jun 17 07:23:09 localhost sshd[9717]: Invalid user zhouhao from 125.212.235.206 port 34146
Jun 17 07:23:09 localhost sshd[9717]: pam_unix(sshd:auth): check pass; user unknown
Jun 17 07:23:09 localhost sshd[9717]: pam_unix(sshd:auth): authentication failure; logname= uid=0 euid=0 tty=ssh ruser= rhost=125.212.235.206 
Jun 17 07:23:10 localhost sshd[9717]: Failed password for invalid user zhouhao from 125.212.235.206 port 34146 ssh2
Jun 17 07:23:11 localhost sshd[9717]: Received disconnect from 125.212.235.206 port 34146:11: Bye Bye [preauth]
Jun 17 07:23:11 localhost sshd[9717]: Disconnected from invalid user zhouhao 125.212.235.206 port 34146 [preauth]
Jun 17 07:23:23 localhost sshd[9720]: pam_unix(sshd:auth): authentication failure; logname= uid=0 euid=0 tty=ssh ruser= rhost=179.43.175.111  user=root
Jun 17 07:23:25 localhost sshd[9720]: Failed password for root from 179.43.175.111 port 60082 ssh2
Jun 17 07:23:25 localhost sshd[9720]: Received disconnect from 179.43.175.111 port 60082:11: Bye Bye [preauth]
Jun 17 07:23:25 localhost sshd[9720]: Disconnected from authenticating user root 179.43.175.111 port 60082 [preauth]
Jun 17 07:23:35 localhost sshd[9722]: Invalid user usuario from 43.154.172.51 port 46154
Jun 17 07:23:35 localhost sshd[9722]: pam_unix(sshd:auth): check pass; user unknown
Jun 17 07:23:35 localhost sshd[9722]: pam_unix(sshd:auth): authentication failure; logname= uid=0 euid=0 tty=ssh ruser= rhost=43.154.172.51 
Jun 17 07:23:37 localhost sshd[9722]: Failed password for invalid user usuario from 43.154.172.51 port 46154 ssh2
Jun 17 07:23:38 localhost sshd[9722]: Received disconnect from 43.154.172.51 port 46154:11: Bye Bye [preauth]
Jun 17 07:23:38 localhost sshd[9722]: Disconnected from invalid user usuario 43.154.172.51 port 46154 [preauth]
Jun 17 07:23:43 localhost sshd[9725]: pam_unix(sshd:auth): authentication failure; logname= uid=0 euid=0 tty=ssh ruser= rhost=158.140.185.59  user=root
Jun 17 07:23:45 localhost sshd[9725]: Failed password for root from 158.140.185.59 port 63088 ssh2
Jun 17 07:23:47 localhost sshd[9725]: Received disconnect from 158.140.185.59 port 63088:11: Bye Bye [preauth]
Jun 17 07:23:47 localhost sshd[9725]: Disconnected from authenticating user root 158.140.185.59 port 63088 [preauth]
Jun 17 07:23:48 localhost sshd[9727]: Invalid user bill from 43.133.32.101 port 37370
Jun 17 07:23:48 localhost sshd[9727]: pam_unix(sshd:auth): check pass; user unknown
Jun 17 07:23:48 localhost sshd[9727]: pam_unix(sshd:auth): authentication failure; logname= uid=0 euid=0 tty=ssh ruser= rhost=43.133.32.101 
Jun 17 07:23:48 localhost sshd[9729]: Invalid user pp from 165.232.75.169 port 53156
Jun 17 07:23:48 localhost sshd[9729]: pam_unix(sshd:auth): check pass; user unknown
Jun 17 07:23:48 localhost sshd[9729]: pam_unix(sshd:auth): authentication failure; logname= uid=0 euid=0 tty=ssh ruser= rhost=165.232.75.169 
Jun 17 07:23:50 localhost sshd[9727]: Failed password for invalid user bill from 43.133.32.101 port 37370 ssh2
Jun 17 07:23:50 localhost sshd[9729]: Failed password for invalid user pp from 165.232.75.169 port 53156 ssh2
Jun 17 07:23:52 localhost sshd[9727]: Received disconnect from 43.133.32.101 port 37370:11: Bye Bye [preauth]
Jun 17 07:23:52 localhost sshd[9727]: Disconnected from invalid user bill 43.133.32.101 port 37370 [preauth]
Jun 17 07:23:52 localhost sshd[9729]: Received disconnect from 165.232.75.169 port 53156:11: Bye Bye [preauth]
Jun 17 07:23:52 localhost sshd[9729]: Disconnected from invalid user pp 165.232.75.169 port 53156 [preauth]
Jun 17 07:23:55 localhost sshd[9731]: Invalid user uat from 43.153.20.27 port 53912
Jun 17 07:23:55 localhost sshd[9731]: pam_unix(sshd:auth): check pass; user unknown
Jun 17 07:23:55 localhost sshd[9731]: pam_unix(sshd:auth): authentication failure; logname= uid=0 euid=0 tty=ssh ruser= rhost=43.153.20.27 
Jun 17 07:23:56 localhost sshd[9731]: Failed password for invalid user uat from 43.153.20.27 port 53912 ssh2
Jun 17 07:23:57 localhost sshd[9733]: Invalid user kuba from 43.156.240.201 port 49672
Jun 17 07:23:57 localhost sshd[9733]: pam_unix(sshd:auth): check pass; user unknown
Jun 17 07:23:57 localhost sshd[9733]: pam_unix(sshd:auth): authentication failure; logname= uid=0 euid=0 tty=ssh ruser= rhost=43.156.240.201 
Jun 17 07:23:57 localhost sshd[9731]: Received disconnect from 43.153.20.27 port 53912:11: Bye Bye [preauth]
Jun 17 07:23:57 localhost sshd[9731]: Disconnected from invalid user uat 43.153.20.27 port 53912 [preauth]
Jun 17 07:23:58 localhost sshd[9735]: Invalid user natasha from 43.128.233.179 port 46838
Jun 17 07:23:58 localhost sshd[9735]: pam_unix(sshd:auth): check pass; user unknown
Jun 17 07:23:58 localhost sshd[9735]: pam_unix(sshd:auth): authentication failure; logname= uid=0 euid=0 tty=ssh ruser= rhost=43.128.233.179 
Jun 17 07:23:59 localhost sshd[9737]: Invalid user ria from 134.122.80.104 port 44780
Jun 17 07:23:59 localhost sshd[9737]: pam_unix(sshd:auth): check pass; user unknown
Jun 17 07:23:59 localhost sshd[9737]: pam_unix(sshd:auth): authentication failure; logname= uid=0 euid=0 tty=ssh ruser= rhost=134.122.80.104 
Jun 17 07:24:00 localhost sshd[9733]: Failed password for invalid user kuba from 43.156.240.201 port 49672 ssh2
Jun 17 07:24:00 localhost sshd[9737]: Failed password for invalid user ria from 134.122.80.104 port 44780 ssh2
Jun 17 07:24:00 localhost sshd[9735]: Failed password for invalid user natasha from 43.128.233.179 port 46838 ssh2
Jun 17 07:24:01 localhost sshd[9737]: Received disconnect from 134.122.80.104 port 44780:11: Bye Bye [preauth]
Jun 17 07:24:01 localhost sshd[9737]: Disconnected from invalid user ria 134.122.80.104 port 44780 [preauth]
Jun 17 07:24:01 localhost sshd[9733]: Received disconnect from 43.156.240.201 port 49672:11: Bye Bye [preauth]
Jun 17 07:24:01 localhost sshd[9733]: Disconnected from invalid user kuba 43.156.240.201 port 49672 [preauth]
Jun 17 07:24:01 localhost sshd[9735]: Received disconnect from 43.128.233.179 port 46838:11: Bye Bye [preauth]
Jun 17 07:24:01 localhost sshd[9735]: Disconnected from invalid user natasha 43.128.233.179 port 46838 [preauth]
Jun 17 07:24:04 localhost sshd[9740]: Invalid user steamcmd from 104.131.91.148 port 52328
Jun 17 07:24:04 localhost sshd[9740]: pam_unix(sshd:auth): check pass; user unknown
Jun 17 07:24:04 localhost sshd[9740]: pam_unix(sshd:auth): authentication failure; logname= uid=0 euid=0 tty=ssh ruser= rhost=104.131.91.148 
Jun 17 07:24:06 localhost sshd[9740]: Failed password for invalid user steamcmd from 104.131.91.148 port 52328 ssh2
Jun 17 07:24:08 localhost sshd[9740]: Received disconnect from 104.131.91.148 port 52328:11: Bye Bye [preauth]
Jun 17 07:24:08 localhost sshd[9740]: Disconnected from invalid user steamcmd 104.131.91.148 port 52328 [preauth]
Jun 17 07:24:10 localhost sshd[9742]: Invalid user seafile from 207.226.217.98 port 13150
Jun 17 07:24:10 localhost sshd[9742]: pam_unix(sshd:auth): check pass; user unknown
Jun 17 07:24:10 localhost sshd[9742]: pam_unix(sshd:auth): authentication failure; logname= uid=0 euid=0 tty=ssh ruser= rhost=207.226.217.98 
Jun 17 07:24:12 localhost sshd[9742]: Failed password for invalid user seafile from 207.226.217.98 port 13150 ssh2
Jun 17 07:24:13 localhost sshd[9742]: Received disconnect from 207.226.217.98 port 13150:11: Bye Bye [preauth]
Jun 17 07:24:13 localhost sshd[9742]: Disconnected from invalid user seafile 207.226.217.98 port 13150 [preauth]
Jun 17 07:24:27 localhost sshd[9745]: pam_unix(sshd:auth): authentication failure; logname= uid=0 euid=0 tty=ssh ruser= rhost=72.167.40.25  user=root
Jun 17 07:24:28 localhost sshd[9747]: pam_unix(sshd:auth): authentication failure; logname= uid=0 euid=0 tty=ssh ruser= rhost=179.43.175.111  user=root
Jun 17 07:24:30 localhost sshd[9745]: Failed password for root from 72.167.40.25 port 44002 ssh2
Jun 17 07:24:31 localhost sshd[9747]: Failed password for root from 179.43.175.111 port 58624 ssh2
Jun 17 07:24:31 localhost sshd[9751]: Invalid user bill from 138.197.215.196 port 53740
Jun 17 07:24:31 localhost sshd[9751]: pam_unix(sshd:auth): check pass; user unknown
Jun 17 07:24:31 localhost sshd[9751]: pam_unix(sshd:auth): authentication failure; logname= uid=0 euid=0 tty=ssh ruser= rhost=138.197.215.196 
Jun 17 07:24:32 localhost sshd[9745]: Received disconnect from 72.167.40.25 port 44002:11: Bye Bye [preauth]
Jun 17 07:24:32 localhost sshd[9745]: Disconnected from authenticating user root 72.167.40.25 port 44002 [preauth]
Jun 17 07:24:32 localhost sshd[9747]: Received disconnect from 179.43.175.111 port 58624:11: Bye Bye [preauth]
Jun 17 07:24:32 localhost sshd[9747]: Disconnected from authenticating user root 179.43.175.111 port 58624 [preauth]
Jun 17 07:24:33 localhost sshd[9751]: Failed password for invalid user bill from 138.197.215.196 port 53740 ssh2
Jun 17 07:24:35 localhost sshd[9751]: Received disconnect from 138.197.215.196 port 53740:11: Bye Bye [preauth]
Jun 17 07:24:35 localhost sshd[9751]: Disconnected from invalid user bill 138.197.215.196 port 53740 [preauth]
Jun 17 07:24:51 localhost sshd[9756]: pam_unix(sshd:auth): authentication failure; logname= uid=0 euid=0 tty=ssh ruser= rhost=165.232.75.169  user=root
Jun 17 07:24:53 localhost sshd[9756]: Failed password for root from 165.232.75.169 port 60984 ssh2
Jun 17 07:24:54 localhost sshd[9758]: pam_unix(sshd:auth): authentication failure; logname= uid=0 euid=0 tty=ssh ruser= rhost=158.140.185.59  user=root
Jun 17 07:24:55 localhost sshd[9756]: Received disconnect from 165.232.75.169 port 60984:11: Bye Bye [preauth]
Jun 17 07:24:55 localhost sshd[9756]: Disconnected from authenticating user root 165.232.75.169 port 60984 [preauth]
Jun 17 07:24:57 localhost sshd[9758]: Failed password for root from 158.140.185.59 port 4193 ssh2
Jun 17 07:24:58 localhost sshd[9758]: Received disconnect from 158.140.185.59 port 4193:11: Bye Bye [preauth]
Jun 17 07:24:58 localhost sshd[9758]: Disconnected from authenticating user root 158.140.185.59 port 4193 [preauth]
Jun 17 07:25:01 localhost CRON[9765]: pam_unix(cron:session): session opened for user root(uid=0) by (uid=0)
Jun 17 07:25:01 localhost CRON[9765]: pam_unix(cron:session): session closed for user root
Jun 17 07:25:01 localhost sshd[9763]: Invalid user admin from 43.153.20.27 port 47232
Jun 17 07:25:01 localhost sshd[9763]: pam_unix(sshd:auth): check pass; user unknown
Jun 17 07:25:01 localhost sshd[9763]: pam_unix(sshd:auth): authentication failure; logname= uid=0 euid=0 tty=ssh ruser= rhost=43.153.20.27 
Jun 17 07:25:03 localhost sshd[9763]: Failed password for invalid user admin from 43.153.20.27 port 47232 ssh2
Jun 17 07:25:04 localhost sshd[9763]: Received disconnect from 43.153.20.27 port 47232:11: Bye Bye [preauth]
Jun 17 07:25:04 localhost sshd[9763]: Disconnected from invalid user admin 43.153.20.27 port 47232 [preauth]
Jun 17 07:25:07 localhost sshd[9769]: Invalid user ljh from 43.154.172.51 port 42490
Jun 17 07:25:07 localhost sshd[9769]: pam_unix(sshd:auth): check pass; user unknown
Jun 17 07:25:07 localhost sshd[9769]: pam_unix(sshd:auth): authentication failure; logname= uid=0 euid=0 tty=ssh ruser= rhost=43.154.172.51 
Jun 17 07:25:09 localhost sshd[9769]: Failed password for invalid user ljh from 43.154.172.51 port 42490 ssh2
Jun 17 07:25:10 localhost sshd[9769]: Received disconnect from 43.154.172.51 port 42490:11: Bye Bye [preauth]
Jun 17 07:25:10 localhost sshd[9769]: Disconnected from invalid user ljh 43.154.172.51 port 42490 [preauth]
Jun 17 07:25:11 localhost sshd[9771]: pam_unix(sshd:auth): authentication failure; logname= uid=0 euid=0 tty=ssh ruser= rhost=43.156.240.201  user=root
Jun 17 07:25:13 localhost sshd[9771]: Failed password for root from 43.156.240.201 port 42992 ssh2
Jun 17 07:25:13 localhost sshd[9771]: Received disconnect from 43.156.240.201 port 42992:11: Bye Bye [preauth]
Jun 17 07:25:13 localhost sshd[9771]: Disconnected from authenticating user root 43.156.240.201 port 42992 [preauth]
Jun 17 07:25:18 localhost sshd[9774]: Invalid user admin from 43.128.233.179 port 39256
Jun 17 07:25:18 localhost sshd[9774]: pam_unix(sshd:auth): check pass; user unknown
Jun 17 07:25:18 localhost sshd[9774]: pam_unix(sshd:auth): authentication failure; logname= uid=0 euid=0 tty=ssh ruser= rhost=43.128.233.179 
Jun 17 07:25:21 localhost sshd[9777]: Connection closed by 125.212.235.206 port 49340 [preauth]
Jun 17 07:25:21 localhost sshd[9774]: Failed password for invalid user admin from 43.128.233.179 port 39256 ssh2
Jun 17 07:25:22 localhost sshd[9774]: Received disconnect from 43.128.233.179 port 39256:11: Bye Bye [preauth]
Jun 17 07:25:22 localhost sshd[9774]: Disconnected from invalid user admin 43.128.233.179 port 39256 [preauth]
Jun 17 07:25:26 localhost sshd[9780]: Invalid user ftpuser from 134.122.80.104 port 57124
Jun 17 07:25:26 localhost sshd[9780]: pam_unix(sshd:auth): check pass; user unknown
Jun 17 07:25:26 localhost sshd[9780]: pam_unix(sshd:auth): authentication failure; logname= uid=0 euid=0 tty=ssh ruser= rhost=134.122.80.104 
Jun 17 07:25:28 localhost sshd[9780]: Failed password for invalid user ftpuser from 134.122.80.104 port 57124 ssh2
Jun 17 07:25:29 localhost sshd[9780]: Received disconnect from 134.122.80.104 port 57124:11: Bye Bye [preauth]
Jun 17 07:25:29 localhost sshd[9780]: Disconnected from invalid user ftpuser 134.122.80.104 port 57124 [preauth]
Jun 17 07:25:31 localhost sshd[9782]: Invalid user sunil from 104.131.91.148 port 36502
Jun 17 07:25:31 localhost sshd[9782]: pam_unix(sshd:auth): check pass; user unknown
Jun 17 07:25:31 localhost sshd[9782]: pam_unix(sshd:auth): authentication failure; logname= uid=0 euid=0 tty=ssh ruser= rhost=104.131.91.148 
Jun 17 07:25:33 localhost sshd[9782]: Failed password for invalid user sunil from 104.131.91.148 port 36502 ssh2
Jun 17 07:25:34 localhost sshd[9782]: Received disconnect from 104.131.91.148 port 36502:11: Bye Bye [preauth]
Jun 17 07:25:34 localhost sshd[9782]: Disconnected from invalid user sunil 104.131.91.148 port 36502 [preauth]
