Jun 17 07:10:26 localhost sshd[8448]: Failed password for root from 179.43.175.111 port 60816 ssh2
Jun 17 07:10:28 localhost sshd[8448]: Received disconnect from 179.43.175.111 port 60816:11: Bye Bye [preauth]
Jun 17 07:10:28 localhost sshd[8448]: Disconnected from authenticating user root 179.43.175.111 port 60816 [preauth]
Jun 17 07:10:45 localhost sshd[8451]: Invalid user admin from 207.226.217.98 port 22274
Jun 17 07:10:45 localhost sshd[8451]: pam_unix(sshd:auth): check pass; user unknown
Jun 17 07:10:45 localhost sshd[8451]: pam_unix(sshd:auth): authentication failure; logname= uid=0 euid=0 tty=ssh ruser= rhost=207.226.217.98 
Jun 17 07:10:47 localhost sshd[8451]: Failed password for invalid user admin from 207.226.217.98 port 22274 ssh2
Jun 17 07:10:48 localhost sshd[8451]: Received disconnect from 207.226.217.98 port 22274:11: Bye Bye [preauth]
Jun 17 07:10:48 localhost sshd[8451]: Disconnected from invalid user admin 207.226.217.98 port 22274 [preauth]
Jun 17 07:10:52 localhost sshd[8453]: pam_unix(sshd:auth): authentication failure; logname= uid=0 euid=0 tty=ssh ruser= rhost=43.156.240.201  user=root
Jun 17 07:10:54 localhost sshd[8453]: Failed password for root from 43.156.240.201 port 35304 ssh2
Jun 17 07:10:56 localhost sshd[8453]: Received disconnect from 43.156.240.201 port 35304:11: Bye Bye [preauth]
Jun 17 07:10:56 localhost sshd[8453]: Disconnected from authenticating user root 43.156.240.201 port 35304 [preauth]
Jun 17 07:11:09 localhost sshd[8460]: Invalid user panther from 104.131.91.148 port 44634
Jun 17 07:11:09 localhost sshd[8460]: pam_unix(sshd:auth): check pass; user unknown
Jun 17 07:11:09 localhost sshd[8460]: pam_unix(sshd:auth): authentication failure; logname= uid=0 euid=0 tty=ssh ruser= rhost=104.131.91.148 
Jun 17 07:11:11 localhost sshd[8460]: Failed password for invalid user panther from 104.131.91.148 port 44634 ssh2
Jun 17 07:11:13 localhost sshd[8460]: Received disconnect from 104.131.91.148 port 44634:11: Bye Bye [preauth]
Jun 17 07:11:13 localhost sshd[8460]: Disconnected from invalid user panther 104.131.91.148 port 44634 [preauth]
Jun 17 07:11:14 localhost sshd[8462]: pam_unix(sshd:auth): authentication failure; logname= uid=0 euid=0 tty=ssh ruser= rhost=158.140.185.59  user=root
Jun 17 07:11:16 localhost sshd[8462]: Failed password for root from 158.140.185.59 port 62054 ssh2
Jun 17 07:11:17 localhost sshd[8462]: Received disconnect from 158.140.185.59 port 62054:11: Bye Bye [preauth]
Jun 17 07:11:17 localhost sshd[8462]: Disconnected from authenticating user root 158.140.185.59 port 62054 [preauth]
Jun 17 07:11:21 localhost sshd[8464]: Invalid user kumar from 43.154.172.51 port 54476
Jun 17 07:11:21 localhost sshd[8464]: pam_unix(sshd:auth): check pass; user unknown
Jun 17 07:11:21 localhost sshd[8464]: pam_unix(sshd:auth): authentication failure; logname= uid=0 euid=0 tty=ssh ruser= rhost=43.154.172.51 
Jun 17 07:11:23 localhost sshd[8464]: Failed password for invalid user kumar from 43.154.172.51 port 54476 ssh2
Jun 17 07:11:24 localhost sshd[8464]: Received disconnect from 43.154.172.51 port 54476:11: Bye Bye [preauth]
Jun 17 07:11:24 localhost sshd[8464]: Disconnected from invalid user kumar 43.154.172.51 port 54476 [preauth]
Jun 17 07:11:27 localhost sudo:     root : TTY=pts/0 ; PWD=/root ; USER=root ; COMMAND=/usr/bin/apt-get install php-mysqli
Jun 17 07:11:27 localhost sudo: pam_unix(sudo:session): session opened for user root(uid=0) by root(uid=0)
Jun 17 07:11:27 localhost sudo: pam_unix(sudo:session): session closed for user root
Jun 17 07:11:31 localhost sudo:     root : TTY=pts/0 ; PWD=/root ; USER=root ; COMMAND=/usr/bin/apt-get install php-mysqli
Jun 17 07:11:31 localhost sudo: pam_unix(sudo:session): session opened for user root(uid=0) by root(uid=0)
Jun 17 07:11:32 localhost sudo: pam_unix(sudo:session): session closed for user root
Jun 17 07:11:37 localhost sudo:     root : TTY=pts/0 ; PWD=/root ; USER=root ; COMMAND=/usr/sbin/service apache2 restart
Jun 17 07:11:37 localhost sudo: pam_unix(sudo:session): session opened for user root(uid=0) by root(uid=0)
Jun 17 07:11:37 localhost sudo: pam_unix(sudo:session): session closed for user root
Jun 17 07:11:42 localhost sudo:     root : TTY=pts/0 ; PWD=/root ; USER=root ; COMMAND=/usr/sbin/a2enmod php
Jun 17 07:11:42 localhost sudo: pam_unix(sudo:session): session opened for user root(uid=0) by root(uid=0)
Jun 17 07:11:42 localhost sudo: pam_unix(sudo:session): session closed for user root
Jun 17 07:11:45 localhost sshd[8500]: pam_unix(sshd:auth): authentication failure; logname= uid=0 euid=0 tty=ssh ruser= rhost=134.122.80.104  user=root
Jun 17 07:11:47 localhost sshd[8500]: Failed password for root from 134.122.80.104 port 43322 ssh2
Jun 17 07:11:47 localhost sshd[8500]: Received disconnect from 134.122.80.104 port 43322:11: Bye Bye [preauth]
Jun 17 07:11:47 localhost sshd[8500]: Disconnected from authenticating user root 134.122.80.104 port 43322 [preauth]
Jun 17 07:11:48 localhost sshd[8505]: Invalid user info from 43.128.233.179 port 38008
Jun 17 07:11:48 localhost sshd[8505]: pam_unix(sshd:auth): check pass; user unknown
Jun 17 07:11:48 localhost sshd[8505]: pam_unix(sshd:auth): authentication failure; logname= uid=0 euid=0 tty=ssh ruser= rhost=43.128.233.179 
Jun 17 07:11:50 localhost sshd[8505]: Failed password for invalid user info from 43.128.233.179 port 38008 ssh2
Jun 17 07:11:51 localhost sshd[8505]: Received disconnect from 43.128.233.179 port 38008:11: Bye Bye [preauth]
Jun 17 07:11:51 localhost sshd[8505]: Disconnected from invalid user info 43.128.233.179 port 38008 [preauth]
Jun 17 07:12:04 localhost sshd[8510]: pam_unix(sshd:auth): authentication failure; logname= uid=0 euid=0 tty=ssh ruser= rhost=179.43.175.111  user=root
Jun 17 07:12:06 localhost sshd[8510]: Failed password for root from 179.43.175.111 port 33824 ssh2
Jun 17 07:12:06 localhost sshd[8510]: Received disconnect from 179.43.175.111 port 33824:11: Bye Bye [preauth]
Jun 17 07:12:06 localhost sshd[8510]: Disconnected from authenticating user root 179.43.175.111 port 33824 [preauth]
Jun 17 07:12:10 localhost sshd[8512]: pam_unix(sshd:auth): authentication failure; logname= uid=0 euid=0 tty=ssh ruser= rhost=43.133.32.101  user=list
Jun 17 07:12:10 localhost sshd[8514]: Invalid user admin from 138.197.215.196 port 34056
Jun 17 07:12:10 localhost sshd[8514]: pam_unix(sshd:auth): check pass; user unknown
Jun 17 07:12:10 localhost sshd[8514]: pam_unix(sshd:auth): authentication failure; logname= uid=0 euid=0 tty=ssh ruser= rhost=138.197.215.196 
Jun 17 07:12:12 localhost sshd[8516]: Invalid user mac from 104.131.91.148 port 57042
Jun 17 07:12:12 localhost sshd[8516]: pam_unix(sshd:auth): check pass; user unknown
Jun 17 07:12:12 localhost sshd[8516]: pam_unix(sshd:auth): authentication failure; logname= uid=0 euid=0 tty=ssh ruser= rhost=104.131.91.148 
Jun 17 07:12:12 localhost sshd[8512]: Failed password for list from 43.133.32.101 port 45768 ssh2
Jun 17 07:12:13 localhost sshd[8514]: Failed password for invalid user admin from 138.197.215.196 port 34056 ssh2
Jun 17 07:12:13 localhost sshd[8512]: Received disconnect from 43.133.32.101 port 45768:11: Bye Bye [preauth]
Jun 17 07:12:13 localhost sshd[8512]: Disconnected from authenticating user list 43.133.32.101 port 45768 [preauth]
Jun 17 07:12:13 localhost sshd[8514]: Received disconnect from 138.197.215.196 port 34056:11: Bye Bye [preauth]
Jun 17 07:12:13 localhost sshd[8514]: Disconnected from invalid user admin 138.197.215.196 port 34056 [preauth]
Jun 17 07:12:15 localhost sshd[8516]: Failed password for invalid user mac from 104.131.91.148 port 57042 ssh2
Jun 17 07:12:16 localhost sshd[8516]: Received disconnect from 104.131.91.148 port 57042:11: Bye Bye [preauth]
Jun 17 07:12:16 localhost sshd[8516]: Disconnected from invalid user mac 104.131.91.148 port 57042 [preauth]
Jun 17 07:12:26 localhost sshd[8518]: Invalid user odoo from 158.140.185.59 port 54739
Jun 17 07:12:26 localhost sshd[8518]: pam_unix(sshd:auth): check pass; user unknown
Jun 17 07:12:26 localhost sshd[8518]: pam_unix(sshd:auth): authentication failure; logname= uid=0 euid=0 tty=ssh ruser= rhost=158.140.185.59 
Jun 17 07:12:28 localhost sshd[8518]: Failed password for invalid user odoo from 158.140.185.59 port 54739 ssh2
Jun 17 07:12:28 localhost sshd[8518]: Received disconnect from 158.140.185.59 port 54739:11: Bye Bye [preauth]
Jun 17 07:12:28 localhost sshd[8518]: Disconnected from invalid user odoo 158.140.185.59 port 54739 [preauth]
Jun 17 07:12:29 localhost sshd[8520]: Invalid user odoo from 43.153.20.27 port 33204
Jun 17 07:12:29 localhost sshd[8520]: pam_unix(sshd:auth): check pass; user unknown
Jun 17 07:12:29 localhost sshd[8520]: pam_unix(sshd:auth): authentication failure; logname= uid=0 euid=0 tty=ssh ruser= rhost=43.153.20.27 
Jun 17 07:12:32 localhost sshd[8520]: Failed password for invalid user odoo from 43.153.20.27 port 33204 ssh2
Jun 17 07:12:34 localhost sshd[8520]: Received disconnect from 43.153.20.27 port 33204:11: Bye Bye [preauth]
Jun 17 07:12:34 localhost sshd[8520]: Disconnected from invalid user odoo 43.153.20.27 port 33204 [preauth]
Jun 17 07:12:35 localhost sshd[8522]: Invalid user test from 43.154.172.51 port 50808
Jun 17 07:12:35 localhost sshd[8522]: pam_unix(sshd:auth): check pass; user unknown
Jun 17 07:12:35 localhost sshd[8522]: pam_unix(sshd:auth): authentication failure; logname= uid=0 euid=0 tty=ssh ruser= rhost=43.154.172.51 
Jun 17 07:12:36 localhost sshd[8524]: Invalid user puser from 72.167.40.25 port 45908
Jun 17 07:12:36 localhost sshd[8524]: pam_unix(sshd:auth): check pass; user unknown
Jun 17 07:12:36 localhost sshd[8524]: pam_unix(sshd:auth): authentication failure; logname= uid=0 euid=0 tty=ssh ruser= rhost=72.167.40.25 
Jun 17 07:12:37 localhost sshd[8522]: Failed password for invalid user test from 43.154.172.51 port 50808 ssh2
Jun 17 07:12:38 localhost sshd[8526]: pam_unix(sshd:auth): authentication failure; logname= uid=0 euid=0 tty=ssh ruser= rhost=43.156.240.201  user=root
Jun 17 07:12:38 localhost sshd[8522]: Received disconnect from 43.154.172.51 port 50808:11: Bye Bye [preauth]
Jun 17 07:12:38 localhost sshd[8522]: Disconnected from invalid user test 43.154.172.51 port 50808 [preauth]
Jun 17 07:12:39 localhost sshd[8524]: Failed password for invalid user puser from 72.167.40.25 port 45908 ssh2
Jun 17 07:12:40 localhost sshd[8526]: Failed password for root from 43.156.240.201 port 60114 ssh2
Jun 17 07:12:40 localhost sshd[8526]: Received disconnect from 43.156.240.201 port 60114:11: Bye Bye [preauth]
Jun 17 07:12:40 localhost sshd[8526]: Disconnected from authenticating user root 43.156.240.201 port 60114 [preauth]
Jun 17 07:12:40 localhost sshd[8524]: Received disconnect from 72.167.40.25 port 45908:11: Bye Bye [preauth]
Jun 17 07:12:40 localhost sshd[8524]: Disconnected from invalid user puser 72.167.40.25 port 45908 [preauth]
Jun 17 07:12:53 localhost sshd[8528]: pam_unix(sshd:auth): authentication failure; logname= uid=0 euid=0 tty=ssh ruser= rhost=134.122.80.104  user=root
Jun 17 07:12:56 localhost sshd[8528]: Failed password for root from 134.122.80.104 port 40116 ssh2
Jun 17 07:12:57 localhost sshd[8528]: Received disconnect from 134.122.80.104 port 40116:11: Bye Bye [preauth]
Jun 17 07:12:57 localhost sshd[8528]: Disconnected from authenticating user root 134.122.80.104 port 40116 [preauth]
Jun 17 07:13:00 localhost sshd[8530]: Invalid user bella from 207.226.217.98 port 52752
Jun 17 07:13:00 localhost sshd[8530]: pam_unix(sshd:auth): check pass; user unknown
Jun 17 07:13:00 localhost sshd[8530]: pam_unix(sshd:auth): authentication failure; logname= uid=0 euid=0 tty=ssh ruser= rhost=207.226.217.98 
Jun 17 07:13:03 localhost sshd[8532]: Invalid user maxime from 43.128.233.179 port 58654
Jun 17 07:13:03 localhost sshd[8532]: pam_unix(sshd:auth): check pass; user unknown
Jun 17 07:13:03 localhost sshd[8532]: pam_unix(sshd:auth): authentication failure; logname= uid=0 euid=0 tty=ssh ruser= rhost=43.128.233.179 
Jun 17 07:13:03 localhost sshd[8530]: Failed password for invalid user bella from 207.226.217.98 port 52752 ssh2
Jun 17 07:13:03 localhost sshd[8530]: Received disconnect from 207.226.217.98 port 52752:11: Bye Bye [preauth]
Jun 17 07:13:03 localhost sshd[8530]: Disconnected from invalid user bella 207.226.217.98 port 52752 [preauth]
Jun 17 07:13:04 localhost sshd[8532]: Failed password for invalid user maxime from 43.128.233.179 port 58654 ssh2
Jun 17 07:13:05 localhost sshd[8532]: Received disconnect from 43.128.233.179 port 58654:11: Bye Bye [preauth]
Jun 17 07:13:05 localhost sshd[8532]: Disconnected from invalid user maxime 43.128.233.179 port 58654 [preauth]
Jun 17 07:13:10 localhost sshd[8534]: Invalid user div from 179.43.175.111 port 60354
Jun 17 07:13:10 localhost sshd[8534]: pam_unix(sshd:auth): check pass; user unknown
Jun 17 07:13:10 localhost sshd[8534]: pam_unix(sshd:auth): authentication failure; logname= uid=0 euid=0 tty=ssh ruser= rhost=179.43.175.111 
Jun 17 07:13:12 localhost sshd[8534]: Failed password for invalid user div from 179.43.175.111 port 60354 ssh2
Jun 17 07:13:14 localhost sshd[8534]: Received disconnect from 179.43.175.111 port 60354:11: Bye Bye [preauth]
Jun 17 07:13:14 localhost sshd[8534]: Disconnected from invalid user div 179.43.175.111 port 60354 [preauth]
Jun 17 07:13:19 localhost sshd[8536]: Invalid user admin1 from 104.131.91.148 port 41215
Jun 17 07:13:19 localhost sshd[8536]: pam_unix(sshd:auth): check pass; user unknown
Jun 17 07:13:19 localhost sshd[8536]: pam_unix(sshd:auth): authentication failure; logname= uid=0 euid=0 tty=ssh ruser= rhost=104.131.91.148 
Jun 17 07:13:21 localhost sshd[8536]: Failed password for invalid user admin1 from 104.131.91.148 port 41215 ssh2
Jun 17 07:13:22 localhost sshd[8536]: Received disconnect from 104.131.91.148 port 41215:11: Bye Bye [preauth]
Jun 17 07:13:22 localhost sshd[8536]: Disconnected from invalid user admin1 104.131.91.148 port 41215 [preauth]
Jun 17 07:13:28 localhost sshd[8538]: Invalid user sammy from 138.197.215.196 port 58614
Jun 17 07:13:28 localhost sshd[8538]: pam_unix(sshd:auth): check pass; user unknown
Jun 17 07:13:28 localhost sshd[8538]: pam_unix(sshd:auth): authentication failure; logname= uid=0 euid=0 tty=ssh ruser= rhost=138.197.215.196 
Jun 17 07:13:30 localhost sshd[8538]: Failed password for invalid user sammy from 138.197.215.196 port 58614 ssh2
Jun 17 07:13:30 localhost sshd[8538]: Received disconnect from 138.197.215.196 port 58614:11: Bye Bye [preauth]
Jun 17 07:13:30 localhost sshd[8538]: Disconnected from invalid user sammy 138.197.215.196 port 58614 [preauth]
Jun 17 07:13:35 localhost sshd[8540]: pam_unix(sshd:auth): authentication failure; logname= uid=0 euid=0 tty=ssh ruser= rhost=158.140.185.59  user=root
Jun 17 07:13:37 localhost sshd[8542]: pam_unix(sshd:auth): authentication failure; logname= uid=0 euid=0 tty=ssh ruser= rhost=43.133.32.101  user=root
Jun 17 07:13:37 localhost sshd[8540]: Failed password for root from 158.140.185.59 port 62335 ssh2
Jun 17 07:13:38 localhost sshd[8544]: pam_unix(sshd:auth): authentication failure; logname= uid=0 euid=0 tty=ssh ruser= rhost=43.153.20.27  user=list
Jun 17 07:13:38 localhost sshd[8542]: Failed password for root from 43.133.32.101 port 44726 ssh2
Jun 17 07:13:39 localhost sshd[8542]: Received disconnect from 43.133.32.101 port 44726:11: Bye Bye [preauth]
Jun 17 07:13:39 localhost sshd[8542]: Disconnected from authenticating user root 43.133.32.101 port 44726 [preauth]
Jun 17 07:13:39 localhost sshd[8540]: Received disconnect from 158.140.185.59 port 62335:11: Bye Bye [preauth]
Jun 17 07:13:39 localhost sshd[8540]: Disconnected from authenticating user root 158.140.185.59 port 62335 [preauth]
Jun 17 07:13:40 localhost sshd[8544]: Failed password for list from 43.153.20.27 port 50490 ssh2
Jun 17 07:13:41 localhost sshd[8544]: Received disconnect from 43.153.20.27 port 50490:11: Bye Bye [preauth]
Jun 17 07:13:41 localhost sshd[8544]: Disconnected from authenticating user list 43.153.20.27 port 50490 [preauth]
Jun 17 07:13:46 localhost sshd[8546]: pam_unix(sshd:auth): authentication failure; logname= uid=0 euid=0 tty=ssh ruser= rhost=43.154.172.51  user=root
Jun 17 07:13:48 localhost sshd[8546]: Failed password for root from 43.154.172.51 port 47142 ssh2
Jun 17 07:13:49 localhost sshd[8548]: Invalid user odoo from 43.156.240.201 port 53444
Jun 17 07:13:49 localhost sshd[8548]: pam_unix(sshd:auth): check pass; user unknown
Jun 17 07:13:49 localhost sshd[8548]: pam_unix(sshd:auth): authentication failure; logname= uid=0 euid=0 tty=ssh ruser= rhost=43.156.240.201 
Jun 17 07:13:50 localhost sshd[8546]: Received disconnect from 43.154.172.51 port 47142:11: Bye Bye [preauth]
Jun 17 07:13:50 localhost sshd[8546]: Disconnected from authenticating user root 43.154.172.51 port 47142 [preauth]
Jun 17 07:13:51 localhost sshd[8548]: Failed password for invalid user odoo from 43.156.240.201 port 53444 ssh2
Jun 17 07:13:52 localhost sshd[8548]: Received disconnect from 43.156.240.201 port 53444:11: Bye Bye [preauth]
Jun 17 07:13:52 localhost sshd[8548]: Disconnected from invalid user odoo 43.156.240.201 port 53444 [preauth]
Jun 17 07:13:57 localhost sshd[8550]: pam_unix(sshd:auth): authentication failure; logname= uid=0 euid=0 tty=ssh ruser= rhost=134.122.80.104  user=root
Jun 17 07:13:57 localhost sshd[8552]: Invalid user ria from 72.167.40.25 port 42562
Jun 17 07:13:57 localhost sshd[8552]: pam_unix(sshd:auth): check pass; user unknown
Jun 17 07:13:57 localhost sshd[8552]: pam_unix(sshd:auth): authentication failure; logname= uid=0 euid=0 tty=ssh ruser= rhost=72.167.40.25 
Jun 17 07:13:59 localhost sshd[8550]: Failed password for root from 134.122.80.104 port 52254 ssh2
Jun 17 07:14:00 localhost sshd[8552]: Failed password for invalid user ria from 72.167.40.25 port 42562 ssh2
Jun 17 07:14:01 localhost sshd[8550]: Received disconnect from 134.122.80.104 port 52254:11: Bye Bye [preauth]
Jun 17 07:14:01 localhost sshd[8550]: Disconnected from authenticating user root 134.122.80.104 port 52254 [preauth]
Jun 17 07:14:02 localhost sshd[8552]: Received disconnect from 72.167.40.25 port 42562:11: Bye Bye [preauth]
Jun 17 07:14:02 localhost sshd[8552]: Disconnected from invalid user ria 72.167.40.25 port 42562 [preauth]
Jun 17 07:14:12 localhost sshd[8556]: pam_unix(sshd:auth): authentication failure; logname= uid=0 euid=0 tty=ssh ruser= rhost=179.43.175.111  user=root
Jun 17 07:14:14 localhost sshd[8556]: Failed password for root from 179.43.175.111 port 50712 ssh2
Jun 17 07:14:16 localhost sshd[8558]: pam_unix(sshd:auth): authentication failure; logname= uid=0 euid=0 tty=ssh ruser= rhost=43.128.233.179  user=root
Jun 17 07:14:16 localhost sshd[8556]: Received disconnect from 179.43.175.111 port 50712:11: Bye Bye [preauth]
Jun 17 07:14:16 localhost sshd[8556]: Disconnected from authenticating user root 179.43.175.111 port 50712 [preauth]
Jun 17 07:14:17 localhost sshd[8558]: Failed password for root from 43.128.233.179 port 51074 ssh2
Jun 17 07:14:18 localhost sshd[8558]: Received disconnect from 43.128.233.179 port 51074:11: Bye Bye [preauth]
Jun 17 07:14:18 localhost sshd[8558]: Disconnected from authenticating user root 43.128.233.179 port 51074 [preauth]
Jun 17 07:14:19 localhost sshd[8560]: pam_unix(sshd:auth): authentication failure; logname= uid=0 euid=0 tty=ssh ruser= rhost=104.131.91.148  user=root
Jun 17 07:14:20 localhost sshd[8560]: Failed password for root from 104.131.91.148 port 53620 ssh2
Jun 17 07:14:21 localhost sshd[8560]: Received disconnect from 104.131.91.148 port 53620:11: Bye Bye [preauth]
Jun 17 07:14:21 localhost sshd[8560]: Disconnected from authenticating user root 104.131.91.148 port 53620 [preauth]
Jun 17 07:14:30 localhost sshd[8562]: Invalid user sunil from 165.232.75.169 port 49640
Jun 17 07:14:30 localhost sshd[8562]: pam_unix(sshd:auth): check pass; user unknown
Jun 17 07:14:30 localhost sshd[8562]: pam_unix(sshd:auth): authentication failure; logname= uid=0 euid=0 tty=ssh ruser= rhost=165.232.75.169 
Jun 17 07:14:32 localhost sshd[8562]: Failed password for invalid user sunil from 165.232.75.169 port 49640 ssh2
Jun 17 07:14:33 localhost sudo:     root : TTY=pts/0 ; PWD=/root ; USER=root ; COMMAND=/usr/bin/apt install git
Jun 17 07:14:33 localhost sudo: pam_unix(sudo:session): session opened for user root(uid=0) by root(uid=0)
Jun 17 07:14:33 localhost sshd[8562]: Received disconnect from 165.232.75.169 port 49640:11: Bye Bye [preauth]
Jun 17 07:14:33 localhost sshd[8562]: Disconnected from invalid user sunil 165.232.75.169 port 49640 [preauth]
Jun 17 07:14:37 localhost sshd[8914]: pam_unix(sshd:auth): authentication failure; logname= uid=0 euid=0 tty=ssh ruser= rhost=138.197.215.196  user=root
Jun 17 07:14:38 localhost sudo: pam_unix(sudo:session): session closed for user root
Jun 17 07:14:39 localhost sshd[8914]: Failed password for root from 138.197.215.196 port 54938 ssh2
Jun 17 07:14:40 localhost sshd[8914]: Received disconnect from 138.197.215.196 port 54938:11: Bye Bye [preauth]
Jun 17 07:14:40 localhost sshd[8914]: Disconnected from authenticating user root 138.197.215.196 port 54938 [preauth]
Jun 17 07:14:41 localhost sshd[9420]: pam_unix(sshd:auth): authentication failure; logname= uid=0 euid=0 tty=ssh ruser= rhost=158.140.185.59  user=root
Jun 17 07:14:42 localhost sshd[9420]: Failed password for root from 158.140.185.59 port 9833 ssh2
Jun 17 07:14:43 localhost sshd[9420]: Received disconnect from 158.140.185.59 port 9833:11: Bye Bye [preauth]
Jun 17 07:14:43 localhost sshd[9420]: Disconnected from authenticating user root 158.140.185.59 port 9833 [preauth]
Jun 17 07:14:46 localhost sshd[9426]: Invalid user admin from 43.153.20.27 port 46998
Jun 17 07:14:46 localhost sshd[9426]: pam_unix(sshd:auth): check pass; user unknown
Jun 17 07:14:46 localhost sshd[9426]: pam_unix(sshd:auth): authentication failure; logname= uid=0 euid=0 tty=ssh ruser= rhost=43.153.20.27 
Jun 17 07:14:46 localhost sshd[9424]: pam_unix(sshd:auth): authentication failure; logname= uid=0 euid=0 tty=ssh ruser= rhost=207.226.217.98  user=root
Jun 17 07:14:48 localhost sshd[9426]: Failed password for invalid user admin from 43.153.20.27 port 46998 ssh2
Jun 17 07:14:48 localhost sshd[9424]: Failed password for root from 207.226.217.98 port 38272 ssh2
Jun 17 07:14:49 localhost sshd[9426]: Received disconnect from 43.153.20.27 port 46998:11: Bye Bye [preauth]
Jun 17 07:14:49 localhost sshd[9426]: Disconnected from invalid user admin 43.153.20.27 port 46998 [preauth]
Jun 17 07:14:50 localhost sshd[9424]: Received disconnect from 207.226.217.98 port 38272:11: Bye Bye [preauth]
Jun 17 07:14:50 localhost sshd[9424]: Disconnected from authenticating user root 207.226.217.98 port 38272 [preauth]
Jun 17 07:14:56 localhost sshd[9428]: pam_unix(sshd:auth): authentication failure; logname= uid=0 euid=0 tty=ssh ruser= rhost=43.154.172.51  user=root
Jun 17 07:14:58 localhost sshd[9430]: Invalid user bella from 43.156.240.201 port 46754
Jun 17 07:14:58 localhost sshd[9430]: pam_unix(sshd:auth): check pass; user unknown
Jun 17 07:14:58 localhost sshd[9430]: pam_unix(sshd:auth): authentication failure; logname= uid=0 euid=0 tty=ssh ruser= rhost=43.156.240.201 
Jun 17 07:14:58 localhost sshd[9428]: Failed password for root from 43.154.172.51 port 43484 ssh2
Jun 17 07:14:58 localhost sshd[9428]: Received disconnect from 43.154.172.51 port 43484:11: Bye Bye [preauth]
Jun 17 07:14:58 localhost sshd[9428]: Disconnected from authenticating user root 43.154.172.51 port 43484 [preauth]
Jun 17 07:15:00 localhost sshd[9430]: Failed password for invalid user bella from 43.156.240.201 port 46754 ssh2
Jun 17 07:15:01 localhost sshd[9430]: Received disconnect from 43.156.240.201 port 46754:11: Bye Bye [preauth]
Jun 17 07:15:01 localhost sshd[9430]: Disconnected from invalid user bella 43.156.240.201 port 46754 [preauth]
Jun 17 07:15:01 localhost CRON[9434]: pam_unix(cron:session): session opened for user root(uid=0) by (uid=0)
Jun 17 07:15:01 localhost CRON[9434]: pam_unix(cron:session): session closed for user root
Jun 17 07:15:01 localhost sshd[9432]: pam_unix(sshd:auth): authentication failure; logname= uid=0 euid=0 tty=ssh ruser= rhost=43.133.32.101  user=root
Jun 17 07:15:02 localhost sshd[9432]: Failed password for root from 43.133.32.101 port 43666 ssh2
Jun 17 07:15:03 localhost sshd[9432]: Received disconnect from 43.133.32.101 port 43666:11: Bye Bye [preauth]
Jun 17 07:15:03 localhost sshd[9432]: Disconnected from authenticating user root 43.133.32.101 port 43666 [preauth]
Jun 17 07:15:07 localhost sshd[9437]: pam_unix(sshd:auth): authentication failure; logname= uid=0 euid=0 tty=ssh ruser= rhost=134.122.80.104  user=root
Jun 17 07:15:10 localhost sshd[9437]: Failed password for root from 134.122.80.104 port 39882 ssh2
Jun 17 07:15:12 localhost sshd[9437]: Received disconnect from 134.122.80.104 port 39882:11: Bye Bye [preauth]
Jun 17 07:15:12 localhost sshd[9437]: Disconnected from authenticating user root 134.122.80.104 port 39882 [preauth]
Jun 17 07:15:13 localhost sshd[9439]: pam_unix(sshd:auth): authentication failure; logname= uid=0 euid=0 tty=ssh ruser= rhost=179.43.175.111  user=root
Jun 17 07:15:14 localhost sshd[9439]: Failed password for root from 179.43.175.111 port 46270 ssh2
Jun 17 07:15:15 localhost sshd[9441]: pam_unix(sshd:auth): authentication failure; logname= uid=0 euid=0 tty=ssh ruser= rhost=72.167.40.25  user=root
Jun 17 07:15:15 localhost sshd[9439]: Received disconnect from 179.43.175.111 port 46270:11: Bye Bye [preauth]
Jun 17 07:15:15 localhost sshd[9439]: Disconnected from authenticating user root 179.43.175.111 port 46270 [preauth]
Jun 17 07:15:17 localhost sshd[9441]: Failed password for root from 72.167.40.25 port 39216 ssh2
Jun 17 07:15:17 localhost sshd[9441]: Received disconnect from 72.167.40.25 port 39216:11: Bye Bye [preauth]
Jun 17 07:15:17 localhost sshd[9441]: Disconnected from authenticating user root 72.167.40.25 port 39216 [preauth]
Jun 17 07:15:18 localhost sshd[9443]: pam_unix(sshd:auth): authentication failure; logname= uid=0 euid=0 tty=ssh ruser= rhost=104.131.91.148  user=root
Jun 17 07:15:21 localhost sshd[9443]: Failed password for root from 104.131.91.148 port 37789 ssh2
Jun 17 07:15:23 localhost sshd[9443]: Received disconnect from 104.131.91.148 port 37789:11: Bye Bye [preauth]
Jun 17 07:15:23 localhost sshd[9443]: Disconnected from authenticating user root 104.131.91.148 port 37789 [preauth]
Jun 17 07:15:25 localhost sshd[9445]: Invalid user sadmin from 43.128.233.179 port 43490
Jun 17 07:15:25 localhost sshd[9445]: pam_unix(sshd:auth): check pass; user unknown
Jun 17 07:15:25 localhost sshd[9445]: pam_unix(sshd:auth): authentication failure; logname= uid=0 euid=0 tty=ssh ruser= rhost=43.128.233.179 
Jun 17 07:15:26 localhost sshd[9445]: Failed password for invalid user sadmin from 43.128.233.179 port 43490 ssh2
Jun 17 07:15:27 localhost sshd[9445]: Received disconnect from 43.128.233.179 port 43490:11: Bye Bye [preauth]
Jun 17 07:15:27 localhost sshd[9445]: Disconnected from invalid user sadmin 43.128.233.179 port 43490 [preauth]
Jun 17 07:15:29 localhost sshd[9447]: pam_unix(sshd:auth): authentication failure; logname= uid=0 euid=0 tty=ssh ruser= rhost=165.232.75.169  user=root
Jun 17 07:15:31 localhost sshd[9447]: Failed password for root from 165.232.75.169 port 47298 ssh2
Jun 17 07:15:31 localhost sshd[9447]: Received disconnect from 165.232.75.169 port 47298:11: Bye Bye [preauth]
Jun 17 07:15:31 localhost sshd[9447]: Disconnected from authenticating user root 165.232.75.169 port 47298 [preauth]
Jun 17 07:15:45 localhost sshd[9450]: pam_unix(sshd:auth): authentication failure; logname= uid=0 euid=0 tty=ssh ruser= rhost=138.197.215.196  user=root
Jun 17 07:15:45 localhost sshd[9452]: pam_unix(sshd:auth): authentication failure; logname= uid=0 euid=0 tty=ssh ruser= rhost=158.140.185.59  user=root
Jun 17 07:15:46 localhost sshd[9455]: pam_unix(sshd:auth): authentication failure; logname= uid=0 euid=0 tty=ssh ruser= rhost=43.153.20.27  user=root
Jun 17 07:15:47 localhost sshd[9450]: Failed password for root from 138.197.215.196 port 51256 ssh2
Jun 17 07:15:47 localhost sshd[9450]: Received disconnect from 138.197.215.196 port 51256:11: Bye Bye [preauth]
Jun 17 07:15:47 localhost sshd[9450]: Disconnected from authenticating user root 138.197.215.196 port 51256 [preauth]
Jun 17 07:15:48 localhost sshd[9452]: Failed password for root from 158.140.185.59 port 4611 ssh2
Jun 17 07:15:48 localhost sshd[9452]: Received disconnect from 158.140.185.59 port 4611:11: Bye Bye [preauth]
Jun 17 07:15:48 localhost sshd[9452]: Disconnected from authenticating user root 158.140.185.59 port 4611 [preauth]
Jun 17 07:15:48 localhost sshd[9455]: Failed password for root from 43.153.20.27 port 45108 ssh2
Jun 17 07:15:48 localhost sshd[9455]: Received disconnect from 43.153.20.27 port 45108:11: Bye Bye [preauth]
Jun 17 07:15:48 localhost sshd[9455]: Disconnected from authenticating user root 43.153.20.27 port 45108 [preauth]
Jun 17 07:16:04 localhost sshd[9465]: Invalid user kumar from 43.156.240.201 port 40066
Jun 17 07:16:04 localhost sshd[9465]: pam_unix(sshd:auth): check pass; user unknown
Jun 17 07:16:04 localhost sshd[9465]: pam_unix(sshd:auth): authentication failure; logname= uid=0 euid=0 tty=ssh ruser= rhost=43.156.240.201 
Jun 17 07:16:04 localhost sshd[9467]: pam_unix(sshd:auth): authentication failure; logname= uid=0 euid=0 tty=ssh ruser= rhost=43.154.172.51  user=root
Jun 17 07:16:05 localhost sshd[9469]: Invalid user apbj from 207.226.217.98 port 24552
Jun 17 07:16:05 localhost sshd[9469]: pam_unix(sshd:auth): check pass; user unknown
Jun 17 07:16:05 localhost sshd[9469]: pam_unix(sshd:auth): authentication failure; logname= uid=0 euid=0 tty=ssh ruser= rhost=207.226.217.98 
Jun 17 07:16:06 localhost sshd[9465]: Failed password for invalid user kumar from 43.156.240.201 port 40066 ssh2
Jun 17 07:16:06 localhost sshd[9467]: Failed password for root from 43.154.172.51 port 39836 ssh2
Jun 17 07:16:07 localhost sshd[9469]: Failed password for invalid user apbj from 207.226.217.98 port 24552 ssh2
Jun 17 07:16:07 localhost sshd[9465]: Received disconnect from 43.156.240.201 port 40066:11: Bye Bye [preauth]
Jun 17 07:16:07 localhost sshd[9465]: Disconnected from invalid user kumar 43.156.240.201 port 40066 [preauth]
Jun 17 07:16:08 localhost sshd[9469]: Received disconnect from 207.226.217.98 port 24552:11: Bye Bye [preauth]
Jun 17 07:16:08 localhost sshd[9469]: Disconnected from invalid user apbj 207.226.217.98 port 24552 [preauth]
Jun 17 07:16:08 localhost sshd[9467]: Received disconnect from 43.154.172.51 port 39836:11: Bye Bye [preauth]
Jun 17 07:16:08 localhost sshd[9467]: Disconnected from authenticating user root 43.154.172.51 port 39836 [preauth]
Jun 17 07:16:11 localhost sshd[9480]: pam_unix(sshd:auth): authentication failure; logname= uid=0 euid=0 tty=ssh ruser= rhost=179.43.175.111  user=root
Jun 17 07:16:11 localhost sshd[9482]: pam_unix(sshd:auth): authentication failure; logname= uid=0 euid=0 tty=ssh ruser= rhost=134.122.80.104  user=root
Jun 17 07:16:13 localhost sshd[9480]: Failed password for root from 179.43.175.111 port 39764 ssh2
Jun 17 07:16:13 localhost sshd[9482]: Failed password for root from 134.122.80.104 port 36290 ssh2
Jun 17 07:16:15 localhost sshd[9480]: Received disconnect from 179.43.175.111 port 39764:11: Bye Bye [preauth]
Jun 17 07:16:15 localhost sshd[9480]: Disconnected from authenticating user root 179.43.175.111 port 39764 [preauth]
Jun 17 07:16:15 localhost sshd[9482]: Received disconnect from 134.122.80.104 port 36290:11: Bye Bye [preauth]
Jun 17 07:16:15 localhost sshd[9482]: Disconnected from authenticating user root 134.122.80.104 port 36290 [preauth]
Jun 17 07:16:18 localhost sshd[9484]: pam_unix(sshd:auth): authentication failure; logname= uid=0 euid=0 tty=ssh ruser= rhost=104.131.91.148  user=root
Jun 17 07:16:20 localhost sshd[9484]: Failed password for root from 104.131.91.148 port 50194 ssh2
Jun 17 07:16:20 localhost sshd[9484]: Received disconnect from 104.131.91.148 port 50194:11: Bye Bye [preauth]
Jun 17 07:16:20 localhost sshd[9484]: Disconnected from authenticating user root 104.131.91.148 port 50194 [preauth]
Jun 17 07:16:22 localhost sshd[9487]: Invalid user uat from 43.133.32.101 port 42604
Jun 17 07:16:22 localhost sshd[9487]: pam_unix(sshd:auth): check pass; user unknown
Jun 17 07:16:22 localhost sshd[9487]: pam_unix(sshd:auth): authentication failure; logname= uid=0 euid=0 tty=ssh ruser= rhost=43.133.32.101 
Jun 17 07:16:24 localhost sshd[9487]: Failed password for invalid user uat from 43.133.32.101 port 42604 ssh2
Jun 17 07:16:25 localhost sshd[9487]: Received disconnect from 43.133.32.101 port 42604:11: Bye Bye [preauth]
Jun 17 07:16:25 localhost sshd[9487]: Disconnected from invalid user uat 43.133.32.101 port 42604 [preauth]
Jun 17 07:16:27 localhost sshd[9489]: pam_unix(sshd:auth): authentication failure; logname= uid=0 euid=0 tty=ssh ruser= rhost=165.232.75.169  user=root
Jun 17 07:16:29 localhost sshd[9489]: Failed password for root from 165.232.75.169 port 37024 ssh2
Jun 17 07:16:29 localhost sshd[9491]: pam_unix(sshd:auth): authentication failure; logname= uid=0 euid=0 tty=ssh ruser= rhost=72.167.40.25  user=root
Jun 17 07:16:31 localhost sshd[9489]: Received disconnect from 165.232.75.169 port 37024:11: Bye Bye [preauth]
Jun 17 07:16:31 localhost sshd[9489]: Disconnected from authenticating user root 165.232.75.169 port 37024 [preauth]
Jun 17 07:16:31 localhost sshd[9491]: Failed password for root from 72.167.40.25 port 35860 ssh2
Jun 17 07:16:33 localhost sshd[9491]: Received disconnect from 72.167.40.25 port 35860:11: Bye Bye [preauth]
Jun 17 07:16:33 localhost sshd[9491]: Disconnected from authenticating user root 72.167.40.25 port 35860 [preauth]
Jun 17 07:16:34 localhost sshd[9493]: Invalid user emp from 43.128.233.179 port 35904
Jun 17 07:16:34 localhost sshd[9493]: pam_unix(sshd:auth): check pass; user unknown
Jun 17 07:16:34 localhost sshd[9493]: pam_unix(sshd:auth): authentication failure; logname= uid=0 euid=0 tty=ssh ruser= rhost=43.128.233.179 
Jun 17 07:16:36 localhost sshd[9493]: Failed password for invalid user emp from 43.128.233.179 port 35904 ssh2
Jun 17 07:16:36 localhost sshd[9493]: Received disconnect from 43.128.233.179 port 35904:11: Bye Bye [preauth]
Jun 17 07:16:36 localhost sshd[9493]: Disconnected from invalid user emp 43.128.233.179 port 35904 [preauth]
Jun 17 07:16:44 localhost sshd[9497]: Invalid user kuba from 43.153.20.27 port 34094
Jun 17 07:16:44 localhost sshd[9497]: pam_unix(sshd:auth): check pass; user unknown
Jun 17 07:16:44 localhost sshd[9497]: pam_unix(sshd:auth): authentication failure; logname= uid=0 euid=0 tty=ssh ruser= rhost=43.153.20.27 
Jun 17 07:16:46 localhost sshd[9497]: Failed password for invalid user kuba from 43.153.20.27 port 34094 ssh2
Jun 17 07:16:46 localhost sshd[9497]: Received disconnect from 43.153.20.27 port 34094:11: Bye Bye [preauth]
Jun 17 07:16:46 localhost sshd[9497]: Disconnected from invalid user kuba 43.153.20.27 port 34094 [preauth]
Jun 17 07:16:51 localhost sshd[9500]: Invalid user kumar from 158.140.185.59 port 39050
Jun 17 07:16:51 localhost sshd[9500]: pam_unix(sshd:auth): check pass; user unknown
Jun 17 07:16:51 localhost sshd[9500]: pam_unix(sshd:auth): authentication failure; logname= uid=0 euid=0 tty=ssh ruser= rhost=158.140.185.59 
Jun 17 07:16:53 localhost sshd[9500]: Failed password for invalid user kumar from 158.140.185.59 port 39050 ssh2
Jun 17 07:16:53 localhost sshd[9500]: Received disconnect from 158.140.185.59 port 39050:11: Bye Bye [preauth]
Jun 17 07:16:53 localhost sshd[9500]: Disconnected from invalid user kumar 158.140.185.59 port 39050 [preauth]
Jun 17 07:16:58 localhost sshd[9502]: pam_unix(sshd:auth): authentication failure; logname= uid=0 euid=0 tty=ssh ruser= rhost=138.197.215.196  user=root
Jun 17 07:17:00 localhost sshd[9502]: Failed password for root from 138.197.215.196 port 47574 ssh2
Jun 17 07:17:01 localhost CRON[9505]: pam_unix(cron:session): session opened for user root(uid=0) by (uid=0)
Jun 17 07:17:01 localhost CRON[9505]: pam_unix(cron:session): session closed for user root
Jun 17 07:17:02 localhost sshd[9502]: Received disconnect from 138.197.215.196 port 47574:11: Bye Bye [preauth]
Jun 17 07:17:02 localhost sshd[9502]: Disconnected from authenticating user root 138.197.215.196 port 47574 [preauth]
Jun 17 07:17:10 localhost sshd[9510]: Invalid user ubuntu from 179.43.175.111 port 49904
Jun 17 07:17:10 localhost sshd[9510]: pam_unix(sshd:auth): check pass; user unknown
Jun 17 07:17:10 localhost sshd[9510]: pam_unix(sshd:auth): authentication failure; logname= uid=0 euid=0 tty=ssh ruser= rhost=179.43.175.111 
Jun 17 07:17:10 localhost sshd[9508]: Invalid user apbj from 43.156.240.201 port 33376
Jun 17 07:17:10 localhost sshd[9508]: pam_unix(sshd:auth): check pass; user unknown
Jun 17 07:17:10 localhost sshd[9508]: pam_unix(sshd:auth): authentication failure; logname= uid=0 euid=0 tty=ssh ruser= rhost=43.156.240.201 
Jun 17 07:17:11 localhost sshd[9512]: Invalid user tm from 134.122.80.104 port 44794
Jun 17 07:17:11 localhost sshd[9512]: pam_unix(sshd:auth): check pass; user unknown
Jun 17 07:17:11 localhost sshd[9512]: pam_unix(sshd:auth): authentication failure; logname= uid=0 euid=0 tty=ssh ruser= rhost=134.122.80.104 
Jun 17 07:17:12 localhost sshd[9510]: Failed password for invalid user ubuntu from 179.43.175.111 port 49904 ssh2
Jun 17 07:17:13 localhost sshd[9508]: Failed password for invalid user apbj from 43.156.240.201 port 33376 ssh2
Jun 17 07:17:13 localhost sshd[9512]: Failed password for invalid user tm from 134.122.80.104 port 44794 ssh2
Jun 17 07:17:14 localhost sshd[9512]: Received disconnect from 134.122.80.104 port 44794:11: Bye Bye [preauth]
Jun 17 07:17:14 localhost sshd[9512]: Disconnected from invalid user tm 134.122.80.104 port 44794 [preauth]
Jun 17 07:17:14 localhost sshd[9508]: Received disconnect from 43.156.240.201 port 33376:11: Bye Bye [preauth]
Jun 17 07:17:14 localhost sshd[9508]: Disconnected from invalid user apbj 43.156.240.201 port 33376 [preauth]
Jun 17 07:17:14 localhost sshd[9515]: Invalid user bella from 43.154.172.51 port 36174
Jun 17 07:17:14 localhost sshd[9515]: pam_unix(sshd:auth): check pass; user unknown
Jun 17 07:17:14 localhost sshd[9515]: pam_unix(sshd:auth): authentication failure; logname= uid=0 euid=0 tty=ssh ruser= rhost=43.154.172.51 
Jun 17 07:17:15 localhost sshd[9510]: Received disconnect from 179.43.175.111 port 49904:11: Bye Bye [preauth]
Jun 17 07:17:15 localhost sshd[9510]: Disconnected from invalid user ubuntu 179.43.175.111 port 49904 [preauth]
Jun 17 07:17:16 localhost sshd[9515]: Failed password for invalid user bella from 43.154.172.51 port 36174 ssh2
Jun 17 07:17:17 localhost sshd[9515]: Received disconnect from 43.154.172.51 port 36174:11: Bye Bye [preauth]
Jun 17 07:17:17 localhost sshd[9515]: Disconnected from invalid user bella 43.154.172.51 port 36174 [preauth]
Jun 17 07:17:19 localhost sshd[9518]: pam_unix(sshd:auth): authentication failure; logname= uid=0 euid=0 tty=ssh ruser= rhost=207.226.217.98  user=root
Jun 17 07:17:19 localhost sshd[9520]: Invalid user ria from 104.131.91.148 port 34365
Jun 17 07:17:19 localhost sshd[9520]: pam_unix(sshd:auth): check pass; user unknown
Jun 17 07:17:19 localhost sshd[9520]: pam_unix(sshd:auth): authentication failure; logname= uid=0 euid=0 tty=ssh ruser= rhost=104.131.91.148 
Jun 17 07:17:21 localhost sshd[9518]: Failed password for root from 207.226.217.98 port 58246 ssh2
Jun 17 07:17:21 localhost sshd[9520]: Failed password for invalid user ria from 104.131.91.148 port 34365 ssh2
Jun 17 07:17:21 localhost sshd[9518]: Received disconnect from 207.226.217.98 port 58246:11: Bye Bye [preauth]
Jun 17 07:17:21 localhost sshd[9518]: Disconnected from authenticating user root 207.226.217.98 port 58246 [preauth]
Jun 17 07:17:22 localhost sshd[9520]: Received disconnect from 104.131.91.148 port 34365:11: Bye Bye [preauth]
Jun 17 07:17:22 localhost sshd[9520]: Disconnected from invalid user ria 104.131.91.148 port 34365 [preauth]
Jun 17 07:17:25 localhost sshd[9523]: Invalid user mac from 165.232.75.169 port 51288
Jun 17 07:17:25 localhost sshd[9523]: pam_unix(sshd:auth): check pass; user unknown
Jun 17 07:17:25 localhost sshd[9523]: pam_unix(sshd:auth): authentication failure; logname= uid=0 euid=0 tty=ssh ruser= rhost=165.232.75.169 
Jun 17 07:17:27 localhost sshd[9523]: Failed password for invalid user mac from 165.232.75.169 port 51288 ssh2
Jun 17 07:17:29 localhost sshd[9523]: Received disconnect from 165.232.75.169 port 51288:11: Bye Bye [preauth]
Jun 17 07:17:29 localhost sshd[9523]: Disconnected from invalid user mac 165.232.75.169 port 51288 [preauth]
Jun 17 07:17:44 localhost sshd[9530]: Invalid user azarov from 43.153.20.27 port 51932
Jun 17 07:17:44 localhost sshd[9530]: pam_unix(sshd:auth): check pass; user unknown
Jun 17 07:17:44 localhost sshd[9530]: pam_unix(sshd:auth): authentication failure; logname= uid=0 euid=0 tty=ssh ruser= rhost=43.153.20.27 
Jun 17 07:17:45 localhost sshd[9534]: pam_unix(sshd:auth): authentication failure; logname= uid=0 euid=0 tty=ssh ruser= rhost=43.128.233.179  user=root
Jun 17 07:17:45 localhost sshd[9532]: pam_unix(sshd:auth): authentication failure; logname= uid=0 euid=0 tty=ssh ruser= rhost=43.133.32.101  user=root
Jun 17 07:17:46 localhost sshd[9530]: Failed password for invalid user azarov from 43.153.20.27 port 51932 ssh2
Jun 17 07:17:46 localhost sshd[9536]: Invalid user customer from 72.167.40.25 port 60736
Jun 17 07:17:46 localhost sshd[9536]: pam_unix(sshd:auth): check pass; user unknown
Jun 17 07:17:46 localhost sshd[9536]: pam_unix(sshd:auth): authentication failure; logname= uid=0 euid=0 tty=ssh ruser= rhost=72.167.40.25 
Jun 17 07:17:47 localhost sshd[9534]: Failed password for root from 43.128.233.179 port 56554 ssh2
Jun 17 07:17:47 localhost sshd[9530]: Received disconnect from 43.153.20.27 port 51932:11: Bye Bye [preauth]
Jun 17 07:17:47 localhost sshd[9530]: Disconnected from invalid user azarov 43.153.20.27 port 51932 [preauth]
Jun 17 07:17:47 localhost sshd[9532]: Failed password for root from 43.133.32.101 port 41552 ssh2
Jun 17 07:17:48 localhost sshd[9536]: Failed password for invalid user customer from 72.167.40.25 port 60736 ssh2
Jun 17 07:17:49 localhost sshd[9534]: Received disconnect from 43.128.233.179 port 56554:11: Bye Bye [preauth]
Jun 17 07:17:49 localhost sshd[9534]: Disconnected from authenticating user root 43.128.233.179 port 56554 [preauth]
Jun 17 07:17:49 localhost sshd[9532]: Received disconnect from 43.133.32.101 port 41552:11: Bye Bye [preauth]
Jun 17 07:17:49 localhost sshd[9532]: Disconnected from authenticating user root 43.133.32.101 port 41552 [preauth]
Jun 17 07:17:49 localhost sshd[9536]: Received disconnect from 72.167.40.25 port 60736:11: Bye Bye [preauth]
Jun 17 07:17:49 localhost sshd[9536]: Disconnected from invalid user customer 72.167.40.25 port 60736 [preauth]
Jun 17 07:17:57 localhost sshd[9540]: pam_unix(sshd:auth): authentication failure; logname= uid=0 euid=0 tty=ssh ruser= rhost=158.140.185.59  user=root
Jun 17 07:17:59 localhost sshd[9540]: Failed password for root from 158.140.185.59 port 54046 ssh2
Jun 17 07:17:59 localhost sshd[9540]: Received disconnect from 158.140.185.59 port 54046:11: Bye Bye [preauth]
Jun 17 07:17:59 localhost sshd[9540]: Disconnected from authenticating user root 158.140.185.59 port 54046 [preauth]
Jun 17 07:18:08 localhost sshd[9546]: pam_unix(sshd:auth): authentication failure; logname= uid=0 euid=0 tty=ssh ruser= rhost=138.197.215.196  user=list
Jun 17 07:18:10 localhost sshd[9546]: Failed password for list from 138.197.215.196 port 43890 ssh2
Jun 17 07:18:11 localhost sshd[9546]: Received disconnect from 138.197.215.196 port 43890:11: Bye Bye [preauth]
Jun 17 07:18:11 localhost sshd[9546]: Disconnected from authenticating user list 138.197.215.196 port 43890 [preauth]
Jun 17 07:18:11 localhost sshd[9548]: Invalid user leo from 179.43.175.111 port 38346
Jun 17 07:18:11 localhost sshd[9548]: pam_unix(sshd:auth): check pass; user unknown
Jun 17 07:18:11 localhost sshd[9548]: pam_unix(sshd:auth): authentication failure; logname= uid=0 euid=0 tty=ssh ruser= rhost=179.43.175.111 
Jun 17 07:18:14 localhost sshd[9548]: Failed password for invalid user leo from 179.43.175.111 port 38346 ssh2
Jun 17 07:18:16 localhost sshd[9548]: Received disconnect from 179.43.175.111 port 38346:11: Bye Bye [preauth]
Jun 17 07:18:16 localhost sshd[9548]: Disconnected from invalid user leo 179.43.175.111 port 38346 [preauth]
Jun 17 07:18:17 localhost sshd[9554]: pam_unix(sshd:auth): authentication failure; logname= uid=0 euid=0 tty=ssh ruser= rhost=134.122.80.104  user=root
Jun 17 07:18:19 localhost sshd[9556]: pam_unix(sshd:auth): authentication failure; logname= uid=0 euid=0 tty=ssh ruser= rhost=43.156.240.201  user=root
Jun 17 07:18:19 localhost sshd[9554]: Failed password for root from 134.122.80.104 port 58048 ssh2
Jun 17 07:18:21 localhost sshd[9554]: Received disconnect from 134.122.80.104 port 58048:11: Bye Bye [preauth]
Jun 17 07:18:21 localhost sshd[9554]: Disconnected from authenticating user root 134.122.80.104 port 58048 [preauth]
Jun 17 07:18:21 localhost sshd[9556]: Failed password for root from 43.156.240.201 port 54912 ssh2
Jun 17 07:18:23 localhost sshd[9556]: Received disconnect from 43.156.240.201 port 54912:11: Bye Bye [preauth]
Jun 17 07:18:23 localhost sshd[9556]: Disconnected from authenticating user root 43.156.240.201 port 54912 [preauth]
Jun 17 07:18:24 localhost sshd[9559]: pam_unix(sshd:auth): authentication failure; logname= uid=0 euid=0 tty=ssh ruser= rhost=104.131.91.148  user=root
Jun 17 07:18:25 localhost sshd[9558]: Invalid user uat from 43.154.172.51 port 60752
Jun 17 07:18:25 localhost sshd[9558]: pam_unix(sshd:auth): check pass; user unknown
Jun 17 07:18:25 localhost sshd[9558]: pam_unix(sshd:auth): authentication failure; logname= uid=0 euid=0 tty=ssh ruser= rhost=43.154.172.51 
Jun 17 07:18:26 localhost sshd[9559]: Failed password for root from 104.131.91.148 port 46770 ssh2
Jun 17 07:18:27 localhost sshd[9562]: Invalid user steamcmd from 165.232.75.169 port 44346
Jun 17 07:18:27 localhost sshd[9562]: pam_unix(sshd:auth): check pass; user unknown
Jun 17 07:18:27 localhost sshd[9562]: pam_unix(sshd:auth): authentication failure; logname= uid=0 euid=0 tty=ssh ruser= rhost=165.232.75.169 
Jun 17 07:18:27 localhost sshd[9558]: Failed password for invalid user uat from 43.154.172.51 port 60752 ssh2
Jun 17 07:18:28 localhost sshd[9559]: Received disconnect from 104.131.91.148 port 46770:11: Bye Bye [preauth]
Jun 17 07:18:28 localhost sshd[9559]: Disconnected from authenticating user root 104.131.91.148 port 46770 [preauth]
Jun 17 07:18:29 localhost sshd[9562]: Failed password for invalid user steamcmd from 165.232.75.169 port 44346 ssh2
Jun 17 07:18:30 localhost sshd[9558]: Received disconnect from 43.154.172.51 port 60752:11: Bye Bye [preauth]
Jun 17 07:18:30 localhost sshd[9558]: Disconnected from invalid user uat 43.154.172.51 port 60752 [preauth]
Jun 17 07:18:31 localhost sshd[9562]: Received disconnect from 165.232.75.169 port 44346:11: Bye Bye [preauth]
Jun 17 07:18:31 localhost sshd[9562]: Disconnected from invalid user steamcmd 165.232.75.169 port 44346 [preauth]
Jun 17 07:18:37 localhost sshd[9564]: pam_unix(sshd:auth): authentication failure; logname= uid=0 euid=0 tty=ssh ruser= rhost=207.226.217.98  user=root
Jun 17 07:18:40 localhost sshd[9564]: Failed password for root from 207.226.217.98 port 9178 ssh2
Jun 17 07:18:41 localhost sshd[9564]: Received disconnect from 207.226.217.98 port 9178:11: Bye Bye [preauth]
Jun 17 07:18:41 localhost sshd[9564]: Disconnected from authenticating user root 207.226.217.98 port 9178 [preauth]
Jun 17 07:18:46 localhost sshd[9566]: pam_unix(sshd:auth): authentication failure; logname= uid=0 euid=0 tty=ssh ruser= rhost=43.153.20.27  user=root
Jun 17 07:18:48 localhost sshd[9566]: Failed password for root from 43.153.20.27 port 52782 ssh2
Jun 17 07:18:50 localhost sshd[9566]: Received disconnect from 43.153.20.27 port 52782:11: Bye Bye [preauth]
Jun 17 07:18:50 localhost sshd[9566]: Disconnected from authenticating user root 43.153.20.27 port 52782 [preauth]
Jun 17 07:18:59 localhost sshd[9569]: Invalid user steven from 43.128.233.179 port 48968
Jun 17 07:18:59 localhost sshd[9569]: pam_unix(sshd:auth): check pass; user unknown
Jun 17 07:18:59 localhost sshd[9569]: pam_unix(sshd:auth): authentication failure; logname= uid=0 euid=0 tty=ssh ruser= rhost=43.128.233.179 
Jun 17 07:19:01 localhost sshd[9569]: Failed password for invalid user steven from 43.128.233.179 port 48968 ssh2
Jun 17 07:19:02 localhost sshd[9569]: Received disconnect from 43.128.233.179 port 48968:11: Bye Bye [preauth]
Jun 17 07:19:02 localhost sshd[9569]: Disconnected from invalid user steven 43.128.233.179 port 48968 [preauth]
Jun 17 07:19:05 localhost sshd[9575]: Invalid user test from 158.140.185.59 port 47322
Jun 17 07:19:05 localhost sshd[9575]: pam_unix(sshd:auth): check pass; user unknown
Jun 17 07:19:05 localhost sshd[9575]: pam_unix(sshd:auth): authentication failure; logname= uid=0 euid=0 tty=ssh ruser= rhost=158.140.185.59 
Jun 17 07:19:07 localhost sshd[9575]: Failed password for invalid user test from 158.140.185.59 port 47322 ssh2
Jun 17 07:19:08 localhost sshd[9575]: Received disconnect from 158.140.185.59 port 47322:11: Bye Bye [preauth]
Jun 17 07:19:08 localhost sshd[9575]: Disconnected from invalid user test 158.140.185.59 port 47322 [preauth]
Jun 17 07:19:09 localhost sshd[9581]: Invalid user mac from 72.167.40.25 port 57390
Jun 17 07:19:09 localhost sshd[9581]: pam_unix(sshd:auth): check pass; user unknown
Jun 17 07:19:09 localhost sshd[9581]: pam_unix(sshd:auth): authentication failure; logname= uid=0 euid=0 tty=ssh ruser= rhost=72.167.40.25 
